[2025-01-27T15:54:50.402+0000][gc,heap] Heap region size: 1M
[2025-01-27T15:54:50.412+0000][gc     ] Using G1
[2025-01-27T15:54:50.412+0000][gc,heap,coops] Heap address: 0x00000000c0000000, size: 1024 MB, Compressed Oops mode: 32-bit
[2025-01-27T15:54:50.412+0000][gc,cds       ] Mark closed archive regions in map: [0x00000000fff00000, 0x00000000fff6bff8]
[2025-01-27T15:54:50.412+0000][gc,cds       ] Mark open archive regions in map: [0x00000000ffe00000, 0x00000000ffe47ff8]
[2025-01-27T15:54:51.572+0000][gc,start     ] GC(0) Pause Young (Normal) (G1 Evacuation Pause)
[2025-01-27T15:54:51.572+0000][gc,task      ] GC(0) Using 2 workers of 2 for evacuation
[2025-01-27T15:54:51.583+0000][gc,phases    ] GC(0)   Pre Evacuate Collection Set: 0.0ms
[2025-01-27T15:54:51.583+0000][gc,phases    ] GC(0)   Evacuate Collection Set: 10.2ms
[2025-01-27T15:54:51.583+0000][gc,phases    ] GC(0)   Post Evacuate Collection Set: 0.3ms
[2025-01-27T15:54:51.583+0000][gc,phases    ] GC(0)   Other: 0.3ms
[2025-01-27T15:54:51.583+0000][gc,heap      ] GC(0) Eden regions: 51->0(44)
[2025-01-27T15:54:51.583+0000][gc,heap      ] GC(0) Survivor regions: 0->7(7)
[2025-01-27T15:54:51.583+0000][gc,heap      ] GC(0) Old regions: 2->2
[2025-01-27T15:54:51.583+0000][gc,heap      ] GC(0) Humongous regions: 0->0
[2025-01-27T15:54:51.583+0000][gc,metaspace ] GC(0) Metaspace: 16314K(17024K)->16314K(17024K) NonClass: 14133K(14592K)->14133K(14592K) Class: 2180K(2432K)->2180K(2432K)
[2025-01-27T15:54:51.583+0000][gc           ] GC(0) Pause Young (Normal) (G1 Evacuation Pause) 51M->7M(1024M) 11.082ms
[2025-01-27T15:54:51.583+0000][gc,cpu       ] GC(0) User=0.01s Sys=0.01s Real=0.01s
[2025-01-27T15:54:51.880+0000][gc,start     ] GC(1) Pause Young (Concurrent Start) (Metadata GC Threshold)
[2025-01-27T15:54:51.880+0000][gc,task      ] GC(1) Using 2 workers of 2 for evacuation
[2025-01-27T15:54:51.899+0000][gc,phases    ] GC(1)   Pre Evacuate Collection Set: 0.1ms
[2025-01-27T15:54:51.899+0000][gc,phases    ] GC(1)   Evacuate Collection Set: 18.1ms
[2025-01-27T15:54:51.899+0000][gc,phases    ] GC(1)   Post Evacuate Collection Set: 0.3ms
[2025-01-27T15:54:51.899+0000][gc,phases    ] GC(1)   Other: 0.2ms
[2025-01-27T15:54:51.899+0000][gc,heap      ] GC(1) Eden regions: 18->0(50)
[2025-01-27T15:54:51.899+0000][gc,heap      ] GC(1) Survivor regions: 7->1(7)
[2025-01-27T15:54:51.899+0000][gc,heap      ] GC(1) Old regions: 2->9
[2025-01-27T15:54:51.899+0000][gc,heap      ] GC(1) Humongous regions: 0->0
[2025-01-27T15:54:51.899+0000][gc,metaspace ] GC(1) Metaspace: 20583K(21248K)->20583K(21248K) NonClass: 17777K(18176K)->17777K(18176K) Class: 2805K(3072K)->2805K(3072K)
[2025-01-27T15:54:51.899+0000][gc           ] GC(1) Pause Young (Concurrent Start) (Metadata GC Threshold) 25M->7M(1024M) 19.305ms
[2025-01-27T15:54:51.900+0000][gc,cpu       ] GC(1) User=0.02s Sys=0.00s Real=0.02s
[2025-01-27T15:54:51.900+0000][gc           ] GC(2) Concurrent Cycle
[2025-01-27T15:54:51.900+0000][gc,marking   ] GC(2) Concurrent Clear Claimed Marks
[2025-01-27T15:54:51.900+0000][gc,marking   ] GC(2) Concurrent Clear Claimed Marks 0.035ms
[2025-01-27T15:54:51.900+0000][gc,marking   ] GC(2) Concurrent Scan Root Regions
[2025-01-27T15:54:51.900+0000][gc,marking   ] GC(2) Concurrent Scan Root Regions 0.746ms
[2025-01-27T15:54:51.901+0000][gc,marking   ] GC(2) Concurrent Mark (1.501s)
[2025-01-27T15:54:51.901+0000][gc,marking   ] GC(2) Concurrent Mark From Roots
[2025-01-27T15:54:51.901+0000][gc,task      ] GC(2) Using 1 workers of 1 for marking
[2025-01-27T15:54:51.909+0000][gc,marking   ] GC(2) Concurrent Mark From Roots 8.751ms
[2025-01-27T15:54:51.909+0000][gc,marking   ] GC(2) Concurrent Preclean
[2025-01-27T15:54:51.909+0000][gc,marking   ] GC(2) Concurrent Preclean 0.112ms
[2025-01-27T15:54:51.910+0000][gc,marking   ] GC(2) Concurrent Mark (1.501s, 1.510s) 9.007ms
[2025-01-27T15:54:51.912+0000][gc,start     ] GC(2) Pause Remark
[2025-01-27T15:54:51.920+0000][gc,stringtable] GC(2) Cleaned string and symbol table, strings: 5487 processed, 0 removed, symbols: 50549 processed, 50 removed
[2025-01-27T15:54:51.920+0000][gc            ] GC(2) Pause Remark 8M->8M(1024M) 8.124ms
[2025-01-27T15:54:51.920+0000][gc,cpu        ] GC(2) User=0.01s Sys=0.00s Real=0.00s
[2025-01-27T15:54:51.921+0000][gc,marking    ] GC(2) Concurrent Rebuild Remembered Sets
[2025-01-27T15:54:51.932+0000][gc,marking    ] GC(2) Concurrent Rebuild Remembered Sets 10.755ms
[2025-01-27T15:54:51.934+0000][gc,start      ] GC(2) Pause Cleanup
[2025-01-27T15:54:51.934+0000][gc            ] GC(2) Pause Cleanup 8M->8M(1024M) 0.276ms
[2025-01-27T15:54:51.934+0000][gc,cpu        ] GC(2) User=0.00s Sys=0.00s Real=0.00s
[2025-01-27T15:54:51.934+0000][gc,marking    ] GC(2) Concurrent Cleanup for Next Mark
[2025-01-27T15:54:51.943+0000][gc,marking    ] GC(2) Concurrent Cleanup for Next Mark 8.478ms
[2025-01-27T15:54:51.943+0000][gc            ] GC(2) Concurrent Cycle 43.126ms
[2025-01-27T15:54:53.819+0000][gc,start      ] GC(3) Pause Young (Normal) (G1 Evacuation Pause)
[2025-01-27T15:54:53.819+0000][gc,task       ] GC(3) Using 2 workers of 2 for evacuation
[2025-01-27T15:54:53.829+0000][gc,phases     ] GC(3)   Pre Evacuate Collection Set: 0.0ms
[2025-01-27T15:54:53.829+0000][gc,phases     ] GC(3)   Evacuate Collection Set: 9.4ms
[2025-01-27T15:54:53.829+0000][gc,phases     ] GC(3)   Post Evacuate Collection Set: 0.3ms
[2025-01-27T15:54:53.829+0000][gc,phases     ] GC(3)   Other: 0.3ms
[2025-01-27T15:54:53.829+0000][gc,heap       ] GC(3) Eden regions: 50->0(46)
[2025-01-27T15:54:53.829+0000][gc,heap       ] GC(3) Survivor regions: 1->5(7)
[2025-01-27T15:54:53.829+0000][gc,heap       ] GC(3) Old regions: 9->9
[2025-01-27T15:54:53.829+0000][gc,heap       ] GC(3) Humongous regions: 129->129
[2025-01-27T15:54:53.829+0000][gc,metaspace  ] GC(3) Metaspace: 30230K(31360K)->30230K(31360K) NonClass: 26479K(27136K)->26479K(27136K) Class: 3750K(4224K)->3750K(4224K)
[2025-01-27T15:54:53.829+0000][gc            ] GC(3) Pause Young (Normal) (G1 Evacuation Pause) 186M->140M(1024M) 10.405ms
[2025-01-27T15:54:53.829+0000][gc,cpu        ] GC(3) User=0.02s Sys=0.00s Real=0.01s
[2025-01-27T15:55:09.480+0000][gc,start      ] GC(4) Pause Young (Concurrent Start) (Metadata GC Threshold)
[2025-01-27T15:55:09.480+0000][gc,task       ] GC(4) Using 2 workers of 2 for evacuation
[2025-01-27T15:55:09.490+0000][gc,phases     ] GC(4)   Pre Evacuate Collection Set: 0.1ms
[2025-01-27T15:55:09.490+0000][gc,phases     ] GC(4)   Evacuate Collection Set: 9.0ms
[2025-01-27T15:55:09.490+0000][gc,phases     ] GC(4)   Post Evacuate Collection Set: 0.3ms
[2025-01-27T15:55:09.490+0000][gc,phases     ] GC(4)   Other: 0.2ms
[2025-01-27T15:55:09.490+0000][gc,heap       ] GC(4) Eden regions: 20->0(49)
[2025-01-27T15:55:09.490+0000][gc,heap       ] GC(4) Survivor regions: 5->2(7)
[2025-01-27T15:55:09.490+0000][gc,heap       ] GC(4) Old regions: 9->13
[2025-01-27T15:55:09.490+0000][gc,heap       ] GC(4) Humongous regions: 129->129
[2025-01-27T15:55:09.490+0000][gc,metaspace  ] GC(4) Metaspace: 34352K(35840K)->34352K(35840K) NonClass: 29999K(30720K)->29999K(30720K) Class: 4353K(5120K)->4353K(5120K)
[2025-01-27T15:55:09.490+0000][gc            ] GC(4) Pause Young (Concurrent Start) (Metadata GC Threshold) 159M->141M(1024M) 9.733ms
[2025-01-27T15:55:09.490+0000][gc,cpu        ] GC(4) User=0.01s Sys=0.01s Real=0.02s
[2025-01-27T15:55:09.490+0000][gc            ] GC(5) Concurrent Cycle
[2025-01-27T15:55:09.490+0000][gc,marking    ] GC(5) Concurrent Clear Claimed Marks
[2025-01-27T15:55:09.490+0000][gc,marking    ] GC(5) Concurrent Clear Claimed Marks 0.069ms
[2025-01-27T15:55:09.490+0000][gc,marking    ] GC(5) Concurrent Scan Root Regions
[2025-01-27T15:55:09.492+0000][gc,marking    ] GC(5) Concurrent Scan Root Regions 2.155ms
[2025-01-27T15:55:09.492+0000][gc,marking    ] GC(5) Concurrent Mark (19.093s)
[2025-01-27T15:55:09.492+0000][gc,marking    ] GC(5) Concurrent Mark From Roots
[2025-01-27T15:55:09.492+0000][gc,task       ] GC(5) Using 1 workers of 1 for marking
[2025-01-27T15:55:09.523+0000][gc,marking    ] GC(5) Concurrent Mark From Roots 31.157ms
[2025-01-27T15:55:09.523+0000][gc,marking    ] GC(5) Concurrent Preclean
[2025-01-27T15:55:09.523+0000][gc,marking    ] GC(5) Concurrent Preclean 0.072ms
[2025-01-27T15:55:09.523+0000][gc,marking    ] GC(5) Concurrent Mark (19.093s, 19.124s) 31.286ms
[2025-01-27T15:55:09.527+0000][gc,start      ] GC(5) Pause Remark
[2025-01-27T15:55:09.531+0000][gc,stringtable] GC(5) Cleaned string and symbol table, strings: 10126 processed, 11 removed, symbols: 80350 processed, 27 removed
[2025-01-27T15:55:09.531+0000][gc            ] GC(5) Pause Remark 143M->143M(1024M) 3.971ms
[2025-01-27T15:55:09.531+0000][gc,cpu        ] GC(5) User=0.01s Sys=0.00s Real=0.01s
[2025-01-27T15:55:09.531+0000][gc,marking    ] GC(5) Concurrent Rebuild Remembered Sets
[2025-01-27T15:55:09.544+0000][gc,marking    ] GC(5) Concurrent Rebuild Remembered Sets 12.789ms
[2025-01-27T15:55:09.544+0000][gc,start      ] GC(5) Pause Cleanup
[2025-01-27T15:55:09.545+0000][gc            ] GC(5) Pause Cleanup 143M->143M(1024M) 0.162ms
[2025-01-27T15:55:09.545+0000][gc,cpu        ] GC(5) User=0.00s Sys=0.00s Real=0.00s
[2025-01-27T15:55:09.545+0000][gc,marking    ] GC(5) Concurrent Cleanup for Next Mark
[2025-01-27T15:55:09.552+0000][gc,marking    ] GC(5) Concurrent Cleanup for Next Mark 7.267ms
[2025-01-27T15:55:09.552+0000][gc            ] GC(5) Concurrent Cycle 62.161ms
[2025-01-27T15:57:43.022+0000][gc,start      ] GC(6) Pause Young (Concurrent Start) (G1 Evacuation Pause)
[2025-01-27T15:57:43.022+0000][gc,task       ] GC(6) Using 2 workers of 2 for evacuation
[2025-01-27T15:57:43.029+0000][gc,phases     ] GC(6)   Pre Evacuate Collection Set: 0.2ms
[2025-01-27T15:57:43.030+0000][gc,phases     ] GC(6)   Evacuate Collection Set: 7.0ms
[2025-01-27T15:57:43.030+0000][gc,phases     ] GC(6)   Post Evacuate Collection Set: 0.4ms
[2025-01-27T15:57:43.030+0000][gc,phases     ] GC(6)   Other: 0.4ms
[2025-01-27T15:57:43.030+0000][gc,heap       ] GC(6) Eden regions: 49->0(47)
[2025-01-27T15:57:43.030+0000][gc,heap       ] GC(6) Survivor regions: 2->4(7)
[2025-01-27T15:57:43.030+0000][gc,heap       ] GC(6) Old regions: 13->13
[2025-01-27T15:57:43.030+0000][gc,heap       ] GC(6) Humongous regions: 129->129
[2025-01-27T15:57:43.030+0000][gc,metaspace  ] GC(6) Metaspace: 39097K(41088K)->39097K(41088K) NonClass: 34062K(35072K)->34062K(35072K) Class: 5035K(6016K)->5035K(6016K)
[2025-01-27T15:57:43.030+0000][gc            ] GC(6) Pause Young (Concurrent Start) (G1 Evacuation Pause) 190M->143M(1024M) 8.028ms
[2025-01-27T15:57:43.030+0000][gc,cpu        ] GC(6) User=0.01s Sys=0.00s Real=0.01s
[2025-01-27T15:57:43.030+0000][gc            ] GC(7) Concurrent Cycle
[2025-01-27T15:57:43.030+0000][gc,marking    ] GC(7) Concurrent Clear Claimed Marks
[2025-01-27T15:57:43.030+0000][gc,marking    ] GC(7) Concurrent Clear Claimed Marks 0.083ms
[2025-01-27T15:57:43.030+0000][gc,marking    ] GC(7) Concurrent Scan Root Regions
[2025-01-27T15:57:43.033+0000][gc,marking    ] GC(7) Concurrent Scan Root Regions 2.862ms
[2025-01-27T15:57:43.033+0000][gc,marking    ] GC(7) Concurrent Mark (172.633s)
[2025-01-27T15:57:43.033+0000][gc,marking    ] GC(7) Concurrent Mark From Roots
[2025-01-27T15:57:43.033+0000][gc,task       ] GC(7) Using 1 workers of 1 for marking
[2025-01-27T15:57:43.045+0000][gc,marking    ] GC(7) Concurrent Mark From Roots 11.870ms
[2025-01-27T15:57:43.045+0000][gc,marking    ] GC(7) Concurrent Preclean
[2025-01-27T15:57:43.045+0000][gc,marking    ] GC(7) Concurrent Preclean 0.061ms
[2025-01-27T15:57:43.045+0000][gc,marking    ] GC(7) Concurrent Mark (172.633s, 172.645s) 11.991ms
[2025-01-27T15:57:43.045+0000][gc,start      ] GC(7) Pause Remark
[2025-01-27T15:57:43.052+0000][gc,stringtable] GC(7) Cleaned string and symbol table, strings: 11463 processed, 1 removed, symbols: 83843 processed, 7 removed
[2025-01-27T15:57:43.053+0000][gc            ] GC(7) Pause Remark 144M->144M(1024M) 7.864ms
[2025-01-27T15:57:43.053+0000][gc,cpu        ] GC(7) User=0.02s Sys=0.00s Real=0.01s
[2025-01-27T15:57:43.053+0000][gc,marking    ] GC(7) Concurrent Rebuild Remembered Sets
[2025-01-27T15:57:43.060+0000][gc,marking    ] GC(7) Concurrent Rebuild Remembered Sets 7.040ms
[2025-01-27T15:57:43.060+0000][gc,start      ] GC(7) Pause Cleanup
[2025-01-27T15:57:43.060+0000][gc            ] GC(7) Pause Cleanup 144M->144M(1024M) 0.169ms
[2025-01-27T15:57:43.060+0000][gc,cpu        ] GC(7) User=0.00s Sys=0.00s Real=0.00s
[2025-01-27T15:57:43.060+0000][gc,marking    ] GC(7) Concurrent Cleanup for Next Mark
[2025-01-27T15:57:43.062+0000][gc,marking    ] GC(7) Concurrent Cleanup for Next Mark 1.327ms
[2025-01-27T15:57:43.062+0000][gc            ] GC(7) Concurrent Cycle 31.890ms
[2025-01-27T15:58:22.373+0000][gc,start      ] GC(8) Pause Young (Normal) (G1 Evacuation Pause)
[2025-01-27T15:58:22.373+0000][gc,task       ] GC(8) Using 2 workers of 2 for evacuation
[2025-01-27T15:58:22.380+0000][gc,phases     ] GC(8)   Pre Evacuate Collection Set: 0.0ms
[2025-01-27T15:58:22.380+0000][gc,phases     ] GC(8)   Evacuate Collection Set: 6.7ms
[2025-01-27T15:58:22.380+0000][gc,phases     ] GC(8)   Post Evacuate Collection Set: 0.3ms
[2025-01-27T15:58:22.380+0000][gc,phases     ] GC(8)   Other: 0.2ms
[2025-01-27T15:58:22.380+0000][gc,heap       ] GC(8) Eden regions: 47->0(47)
[2025-01-27T15:58:22.380+0000][gc,heap       ] GC(8) Survivor regions: 4->4(7)
[2025-01-27T15:58:22.380+0000][gc,heap       ] GC(8) Old regions: 13->13
[2025-01-27T15:58:22.380+0000][gc,heap       ] GC(8) Humongous regions: 129->129
[2025-01-27T15:58:22.380+0000][gc,metaspace  ] GC(8) Metaspace: 39131K(41088K)->39131K(41088K) NonClass: 34096K(35072K)->34096K(35072K) Class: 5034K(6016K)->5034K(6016K)
[2025-01-27T15:58:22.380+0000][gc            ] GC(8) Pause Young (Normal) (G1 Evacuation Pause) 190M->144M(1024M) 7.339ms
[2025-01-27T15:58:22.380+0000][gc,cpu        ] GC(8) User=0.02s Sys=0.00s Real=0.00s
[2025-01-27T15:59:05.688+0000][gc,start      ] GC(9) Pause Young (Normal) (G1 Evacuation Pause)
[2025-01-27T15:59:05.688+0000][gc,task       ] GC(9) Using 2 workers of 2 for evacuation
[2025-01-27T15:59:05.694+0000][gc,phases     ] GC(9)   Pre Evacuate Collection Set: 0.0ms
[2025-01-27T15:59:05.694+0000][gc,phases     ] GC(9)   Evacuate Collection Set: 6.4ms
[2025-01-27T15:59:05.694+0000][gc,phases     ] GC(9)   Post Evacuate Collection Set: 0.3ms
[2025-01-27T15:59:05.694+0000][gc,phases     ] GC(9)   Other: 0.2ms
[2025-01-27T15:59:05.694+0000][gc,heap       ] GC(9) Eden regions: 47->0(47)
[2025-01-27T15:59:05.694+0000][gc,heap       ] GC(9) Survivor regions: 4->4(7)
[2025-01-27T15:59:05.695+0000][gc,heap       ] GC(9) Old regions: 13->13
[2025-01-27T15:59:05.695+0000][gc,heap       ] GC(9) Humongous regions: 129->129
[2025-01-27T15:59:05.695+0000][gc,metaspace  ] GC(9) Metaspace: 39174K(41344K)->39174K(41344K) NonClass: 34138K(35328K)->34138K(35328K) Class: 5035K(6016K)->5035K(6016K)
[2025-01-27T15:59:05.695+0000][gc            ] GC(9) Pause Young (Normal) (G1 Evacuation Pause) 191M->143M(1024M) 7.029ms
[2025-01-27T15:59:05.695+0000][gc,cpu        ] GC(9) User=0.02s Sys=0.00s Real=0.01s
[2025-01-27T15:59:49.576+0000][gc,start      ] GC(10) Pause Young (Normal) (G1 Evacuation Pause)
[2025-01-27T15:59:49.576+0000][gc,task       ] GC(10) Using 2 workers of 2 for evacuation
[2025-01-27T15:59:49.583+0000][gc,phases     ] GC(10)   Pre Evacuate Collection Set: 0.0ms
[2025-01-27T15:59:49.583+0000][gc,phases     ] GC(10)   Evacuate Collection Set: 6.3ms
[2025-01-27T15:59:49.583+0000][gc,phases     ] GC(10)   Post Evacuate Collection Set: 0.3ms
[2025-01-27T15:59:49.583+0000][gc,phases     ] GC(10)   Other: 0.2ms
[2025-01-27T15:59:49.583+0000][gc,heap       ] GC(10) Eden regions: 47->0(47)
[2025-01-27T15:59:49.583+0000][gc,heap       ] GC(10) Survivor regions: 4->4(7)
[2025-01-27T15:59:49.583+0000][gc,heap       ] GC(10) Old regions: 13->13
[2025-01-27T15:59:49.583+0000][gc,heap       ] GC(10) Humongous regions: 129->129
[2025-01-27T15:59:49.583+0000][gc,metaspace  ] GC(10) Metaspace: 39232K(41344K)->39232K(41344K) NonClass: 34196K(35328K)->34196K(35328K) Class: 5035K(6016K)->5035K(6016K)
[2025-01-27T15:59:49.583+0000][gc            ] GC(10) Pause Young (Normal) (G1 Evacuation Pause) 190M->144M(1024M) 6.976ms
[2025-01-27T15:59:49.583+0000][gc,cpu        ] GC(10) User=0.01s Sys=0.00s Real=0.01s
[2025-01-27T16:00:33.399+0000][gc,start      ] GC(11) Pause Young (Normal) (G1 Evacuation Pause)
[2025-01-27T16:00:33.399+0000][gc,task       ] GC(11) Using 2 workers of 2 for evacuation
[2025-01-27T16:00:33.406+0000][gc,phases     ] GC(11)   Pre Evacuate Collection Set: 0.0ms
[2025-01-27T16:00:33.406+0000][gc,phases     ] GC(11)   Evacuate Collection Set: 6.2ms
[2025-01-27T16:00:33.406+0000][gc,phases     ] GC(11)   Post Evacuate Collection Set: 0.3ms
[2025-01-27T16:00:33.406+0000][gc,phases     ] GC(11)   Other: 0.2ms
[2025-01-27T16:00:33.406+0000][gc,heap       ] GC(11) Eden regions: 47->0(47)
[2025-01-27T16:00:33.406+0000][gc,heap       ] GC(11) Survivor regions: 4->4(7)
[2025-01-27T16:00:33.406+0000][gc,heap       ] GC(11) Old regions: 13->13
[2025-01-27T16:00:33.406+0000][gc,heap       ] GC(11) Humongous regions: 129->129
[2025-01-27T16:00:33.406+0000][gc,metaspace  ] GC(11) Metaspace: 39326K(41344K)->39326K(41344K) NonClass: 34284K(35328K)->34284K(35328K) Class: 5041K(6016K)->5041K(6016K)
[2025-01-27T16:00:33.406+0000][gc            ] GC(11) Pause Young (Normal) (G1 Evacuation Pause) 191M->144M(1024M) 6.799ms
[2025-01-27T16:00:33.406+0000][gc,cpu        ] GC(11) User=0.01s Sys=0.00s Real=0.01s
[2025-01-27T16:01:18.098+0000][gc,start      ] GC(12) Pause Young (Normal) (G1 Evacuation Pause)
[2025-01-27T16:01:18.099+0000][gc,task       ] GC(12) Using 2 workers of 2 for evacuation
[2025-01-27T16:01:18.112+0000][gc,phases     ] GC(12)   Pre Evacuate Collection Set: 0.0ms
[2025-01-27T16:01:18.112+0000][gc,phases     ] GC(12)   Evacuate Collection Set: 12.8ms
[2025-01-27T16:01:18.112+0000][gc,phases     ] GC(12)   Post Evacuate Collection Set: 0.5ms
[2025-01-27T16:01:18.112+0000][gc,phases     ] GC(12)   Other: 0.4ms
[2025-01-27T16:01:18.112+0000][gc,heap       ] GC(12) Eden regions: 47->0(47)
[2025-01-27T16:01:18.112+0000][gc,heap       ] GC(12) Survivor regions: 4->4(7)
[2025-01-27T16:01:18.112+0000][gc,heap       ] GC(12) Old regions: 13->13
[2025-01-27T16:01:18.112+0000][gc,heap       ] GC(12) Humongous regions: 129->129
[2025-01-27T16:01:18.112+0000][gc,metaspace  ] GC(12) Metaspace: 39338K(41344K)->39338K(41344K) NonClass: 34296K(35328K)->34296K(35328K) Class: 5041K(6016K)->5041K(6016K)
[2025-01-27T16:01:18.112+0000][gc            ] GC(12) Pause Young (Normal) (G1 Evacuation Pause) 191M->144M(1024M) 13.866ms
[2025-01-27T16:01:18.112+0000][gc,cpu        ] GC(12) User=0.01s Sys=0.01s Real=0.02s
[2025-01-27T16:02:02.254+0000][gc,start      ] GC(13) Pause Young (Normal) (G1 Evacuation Pause)
[2025-01-27T16:02:02.254+0000][gc,task       ] GC(13) Using 2 workers of 2 for evacuation
[2025-01-27T16:02:02.261+0000][gc,phases     ] GC(13)   Pre Evacuate Collection Set: 0.0ms
[2025-01-27T16:02:02.261+0000][gc,phases     ] GC(13)   Evacuate Collection Set: 6.3ms
[2025-01-27T16:02:02.261+0000][gc,phases     ] GC(13)   Post Evacuate Collection Set: 0.3ms
[2025-01-27T16:02:02.261+0000][gc,phases     ] GC(13)   Other: 0.2ms
[2025-01-27T16:02:02.261+0000][gc,heap       ] GC(13) Eden regions: 47->0(47)
[2025-01-27T16:02:02.261+0000][gc,heap       ] GC(13) Survivor regions: 4->4(7)
[2025-01-27T16:02:02.261+0000][gc,heap       ] GC(13) Old regions: 13->13
[2025-01-27T16:02:02.261+0000][gc,heap       ] GC(13) Humongous regions: 129->129
[2025-01-27T16:02:02.261+0000][gc,metaspace  ] GC(13) Metaspace: 39360K(41344K)->39360K(41344K) NonClass: 34318K(35328K)->34318K(35328K) Class: 5041K(6016K)->5041K(6016K)
[2025-01-27T16:02:02.261+0000][gc            ] GC(13) Pause Young (Normal) (G1 Evacuation Pause) 191M->144M(1024M) 6.915ms
[2025-01-27T16:02:02.261+0000][gc,cpu        ] GC(13) User=0.01s Sys=0.00s Real=0.00s
[2025-01-27T16:02:47.277+0000][gc,start      ] GC(14) Pause Young (Normal) (G1 Evacuation Pause)
[2025-01-27T16:02:47.277+0000][gc,task       ] GC(14) Using 2 workers of 2 for evacuation
[2025-01-27T16:02:47.284+0000][gc,phases     ] GC(14)   Pre Evacuate Collection Set: 0.1ms
[2025-01-27T16:02:47.284+0000][gc,phases     ] GC(14)   Evacuate Collection Set: 6.5ms
[2025-01-27T16:02:47.284+0000][gc,phases     ] GC(14)   Post Evacuate Collection Set: 0.3ms
[2025-01-27T16:02:47.284+0000][gc,phases     ] GC(14)   Other: 0.2ms
[2025-01-27T16:02:47.284+0000][gc,heap       ] GC(14) Eden regions: 47->0(47)
[2025-01-27T16:02:47.284+0000][gc,heap       ] GC(14) Survivor regions: 4->4(7)
[2025-01-27T16:02:47.284+0000][gc,heap       ] GC(14) Old regions: 13->13
[2025-01-27T16:02:47.284+0000][gc,heap       ] GC(14) Humongous regions: 129->129
[2025-01-27T16:02:47.284+0000][gc,metaspace  ] GC(14) Metaspace: 39390K(41344K)->39390K(41344K) NonClass: 34349K(35328K)->34349K(35328K) Class: 5041K(6016K)->5041K(6016K)
[2025-01-27T16:02:47.285+0000][gc            ] GC(14) Pause Young (Normal) (G1 Evacuation Pause) 191M->144M(1024M) 7.153ms
[2025-01-27T16:02:47.285+0000][gc,cpu        ] GC(14) User=0.02s Sys=0.00s Real=0.01s
[2025-01-27T16:03:32.368+0000][gc,start      ] GC(15) Pause Young (Normal) (G1 Evacuation Pause)
[2025-01-27T16:03:32.368+0000][gc,task       ] GC(15) Using 2 workers of 2 for evacuation
[2025-01-27T16:03:32.375+0000][gc,phases     ] GC(15)   Pre Evacuate Collection Set: 0.0ms
[2025-01-27T16:03:32.375+0000][gc,phases     ] GC(15)   Evacuate Collection Set: 6.2ms
[2025-01-27T16:03:32.375+0000][gc,phases     ] GC(15)   Post Evacuate Collection Set: 0.5ms
[2025-01-27T16:03:32.375+0000][gc,phases     ] GC(15)   Other: 0.2ms
[2025-01-27T16:03:32.375+0000][gc,heap       ] GC(15) Eden regions: 47->0(49)
[2025-01-27T16:03:32.375+0000][gc,heap       ] GC(15) Survivor regions: 4->4(7)
[2025-01-27T16:03:32.375+0000][gc,heap       ] GC(15) Old regions: 13->13
[2025-01-27T16:03:32.375+0000][gc,heap       ] GC(15) Humongous regions: 129->129
[2025-01-27T16:03:32.375+0000][gc,metaspace  ] GC(15) Metaspace: 39429K(41344K)->39429K(41344K) NonClass: 34387K(35328K)->34387K(35328K) Class: 5041K(6016K)->5041K(6016K)
[2025-01-27T16:03:32.375+0000][gc            ] GC(15) Pause Young (Normal) (G1 Evacuation Pause) 191M->144M(1024M) 7.064ms
[2025-01-27T16:03:32.375+0000][gc,cpu        ] GC(15) User=0.01s Sys=0.00s Real=0.01s
[2025-01-27T16:04:19.646+0000][gc,start      ] GC(16) Pause Young (Normal) (G1 Evacuation Pause)
[2025-01-27T16:04:19.646+0000][gc,task       ] GC(16) Using 2 workers of 2 for evacuation
[2025-01-27T16:04:19.656+0000][gc,phases     ] GC(16)   Pre Evacuate Collection Set: 0.0ms
[2025-01-27T16:04:19.656+0000][gc,phases     ] GC(16)   Evacuate Collection Set: 8.7ms
[2025-01-27T16:04:19.656+0000][gc,phases     ] GC(16)   Post Evacuate Collection Set: 0.3ms
[2025-01-27T16:04:19.656+0000][gc,phases     ] GC(16)   Other: 0.2ms
[2025-01-27T16:04:19.656+0000][gc,heap       ] GC(16) Eden regions: 49->0(52)
[2025-01-27T16:04:19.656+0000][gc,heap       ] GC(16) Survivor regions: 4->4(7)
[2025-01-27T16:04:19.656+0000][gc,heap       ] GC(16) Old regions: 13->13
[2025-01-27T16:04:19.656+0000][gc,heap       ] GC(16) Humongous regions: 129->129
[2025-01-27T16:04:19.656+0000][gc,metaspace  ] GC(16) Metaspace: 39461K(41600K)->39461K(41600K) NonClass: 34420K(35584K)->34420K(35584K) Class: 5041K(6016K)->5041K(6016K)
[2025-01-27T16:04:19.656+0000][gc            ] GC(16) Pause Young (Normal) (G1 Evacuation Pause) 193M->144M(1024M) 9.402ms
[2025-01-27T16:04:19.656+0000][gc,cpu        ] GC(16) User=0.02s Sys=0.00s Real=0.01s
[2025-01-27T16:05:07.840+0000][gc,start      ] GC(17) Pause Young (Normal) (G1 Evacuation Pause)
[2025-01-27T16:05:07.840+0000][gc,task       ] GC(17) Using 2 workers of 2 for evacuation
[2025-01-27T16:05:07.847+0000][gc,phases     ] GC(17)   Pre Evacuate Collection Set: 0.0ms
[2025-01-27T16:05:07.847+0000][gc,phases     ] GC(17)   Evacuate Collection Set: 6.8ms
[2025-01-27T16:05:07.847+0000][gc,phases     ] GC(17)   Post Evacuate Collection Set: 0.3ms
[2025-01-27T16:05:07.847+0000][gc,phases     ] GC(17)   Other: 0.2ms
[2025-01-27T16:05:07.847+0000][gc,heap       ] GC(17) Eden regions: 52->0(53)
[2025-01-27T16:05:07.847+0000][gc,heap       ] GC(17) Survivor regions: 4->4(7)
[2025-01-27T16:05:07.847+0000][gc,heap       ] GC(17) Old regions: 13->13
[2025-01-27T16:05:07.847+0000][gc,heap       ] GC(17) Humongous regions: 129->129
[2025-01-27T16:05:07.847+0000][gc,metaspace  ] GC(17) Metaspace: 39533K(41600K)->39533K(41600K) NonClass: 34479K(35584K)->34479K(35584K) Class: 5053K(6016K)->5053K(6016K)
[2025-01-27T16:05:07.847+0000][gc            ] GC(17) Pause Young (Normal) (G1 Evacuation Pause) 196M->144M(1024M) 7.490ms
[2025-01-27T16:05:07.847+0000][gc,cpu        ] GC(17) User=0.01s Sys=0.00s Real=0.01s
[2025-01-27T16:05:58.230+0000][gc,start      ] GC(18) Pause Young (Normal) (G1 Evacuation Pause)
[2025-01-27T16:05:58.231+0000][gc,task       ] GC(18) Using 2 workers of 2 for evacuation
[2025-01-27T16:05:58.238+0000][gc,phases     ] GC(18)   Pre Evacuate Collection Set: 0.0ms
[2025-01-27T16:05:58.238+0000][gc,phases     ] GC(18)   Evacuate Collection Set: 6.8ms
[2025-01-27T16:05:58.238+0000][gc,phases     ] GC(18)   Post Evacuate Collection Set: 0.3ms
[2025-01-27T16:05:58.238+0000][gc,phases     ] GC(18)   Other: 0.2ms
[2025-01-27T16:05:58.238+0000][gc,heap       ] GC(18) Eden regions: 53->0(56)
[2025-01-27T16:05:58.238+0000][gc,heap       ] GC(18) Survivor regions: 4->4(8)
[2025-01-27T16:05:58.238+0000][gc,heap       ] GC(18) Old regions: 13->13
[2025-01-27T16:05:58.238+0000][gc,heap       ] GC(18) Humongous regions: 129->129
[2025-01-27T16:05:58.238+0000][gc,metaspace  ] GC(18) Metaspace: 39552K(41600K)->39552K(41600K) NonClass: 34497K(35584K)->34497K(35584K) Class: 5055K(6016K)->5055K(6016K)
[2025-01-27T16:05:58.238+0000][gc            ] GC(18) Pause Young (Normal) (G1 Evacuation Pause) 197M->144M(1024M) 7.466ms
[2025-01-27T16:05:58.238+0000][gc,cpu        ] GC(18) User=0.01s Sys=0.01s Real=0.00s
[2025-01-27T16:06:50.929+0000][gc,heap,exit  ] Heap
[2025-01-27T16:06:50.929+0000][gc,heap,exit  ]  garbage-first heap   total 1048576K, used 200177K [0x00000000c0000000, 0x0000000100000000)
[2025-01-27T16:06:50.929+0000][gc,heap,exit  ]   region size 1024K, 56 young (57344K), 4 survivors (4096K)
[2025-01-27T16:06:50.929+0000][gc,heap,exit  ]  Metaspace       used 40210K, capacity 42306K, committed 42368K, reserved 1085440K
[2025-01-27T16:06:50.929+0000][gc,heap,exit  ]   class space    used 5219K, capacity 6237K, committed 6272K, reserved 1048576K
