[2025-01-27T16:35:30.829+0000][gc,heap] Heap region size: 1M
[2025-01-27T16:35:30.838+0000][gc     ] Using G1
[2025-01-27T16:35:30.839+0000][gc,heap,coops] Heap address: 0x00000000c0000000, size: 1024 MB, Compressed Oops mode: 32-bit
[2025-01-27T16:35:30.839+0000][gc,cds       ] Mark closed archive regions in map: [0x00000000fff00000, 0x00000000fff6bff8]
[2025-01-27T16:35:30.839+0000][gc,cds       ] Mark open archive regions in map: [0x00000000ffe00000, 0x00000000ffe47ff8]
[2025-01-27T16:35:31.992+0000][gc,start     ] GC(0) Pause Young (Normal) (G1 Evacuation Pause)
[2025-01-27T16:35:31.993+0000][gc,task      ] GC(0) Using 2 workers of 2 for evacuation
[2025-01-27T16:35:32.004+0000][gc,phases    ] GC(0)   Pre Evacuate Collection Set: 0.0ms
[2025-01-27T16:35:32.004+0000][gc,phases    ] GC(0)   Evacuate Collection Set: 10.6ms
[2025-01-27T16:35:32.004+0000][gc,phases    ] GC(0)   Post Evacuate Collection Set: 0.3ms
[2025-01-27T16:35:32.004+0000][gc,phases    ] GC(0)   Other: 0.4ms
[2025-01-27T16:35:32.004+0000][gc,heap      ] GC(0) Eden regions: 51->0(44)
[2025-01-27T16:35:32.004+0000][gc,heap      ] GC(0) Survivor regions: 0->7(7)
[2025-01-27T16:35:32.004+0000][gc,heap      ] GC(0) Old regions: 2->2
[2025-01-27T16:35:32.004+0000][gc,heap      ] GC(0) Humongous regions: 0->0
[2025-01-27T16:35:32.004+0000][gc,metaspace ] GC(0) Metaspace: 16376K(17024K)->16376K(17024K) NonClass: 14188K(14592K)->14188K(14592K) Class: 2188K(2432K)->2188K(2432K)
[2025-01-27T16:35:32.004+0000][gc           ] GC(0) Pause Young (Normal) (G1 Evacuation Pause) 51M->7M(1024M) 11.378ms
[2025-01-27T16:35:32.004+0000][gc,cpu       ] GC(0) User=0.02s Sys=0.01s Real=0.01s
[2025-01-27T16:35:32.249+0000][gc,start     ] GC(1) Pause Young (Concurrent Start) (Metadata GC Threshold)
[2025-01-27T16:35:32.249+0000][gc,task      ] GC(1) Using 2 workers of 2 for evacuation
[2025-01-27T16:35:32.261+0000][gc,phases    ] GC(1)   Pre Evacuate Collection Set: 0.1ms
[2025-01-27T16:35:32.261+0000][gc,phases    ] GC(1)   Evacuate Collection Set: 11.8ms
[2025-01-27T16:35:32.261+0000][gc,phases    ] GC(1)   Post Evacuate Collection Set: 0.2ms
[2025-01-27T16:35:32.261+0000][gc,phases    ] GC(1)   Other: 0.3ms
[2025-01-27T16:35:32.261+0000][gc,heap      ] GC(1) Eden regions: 18->0(50)
[2025-01-27T16:35:32.261+0000][gc,heap      ] GC(1) Survivor regions: 7->1(7)
[2025-01-27T16:35:32.261+0000][gc,heap      ] GC(1) Old regions: 2->9
[2025-01-27T16:35:32.261+0000][gc,heap      ] GC(1) Humongous regions: 0->0
[2025-01-27T16:35:32.261+0000][gc,metaspace ] GC(1) Metaspace: 20570K(21248K)->20570K(21248K) NonClass: 17803K(18176K)->17803K(18176K) Class: 2767K(3072K)->2767K(3072K)
[2025-01-27T16:35:32.261+0000][gc           ] GC(1) Pause Young (Concurrent Start) (Metadata GC Threshold) 24M->7M(1024M) 12.410ms
[2025-01-27T16:35:32.261+0000][gc,cpu       ] GC(1) User=0.01s Sys=0.01s Real=0.01s
[2025-01-27T16:35:32.261+0000][gc           ] GC(2) Concurrent Cycle
[2025-01-27T16:35:32.261+0000][gc,marking   ] GC(2) Concurrent Clear Claimed Marks
[2025-01-27T16:35:32.261+0000][gc,marking   ] GC(2) Concurrent Clear Claimed Marks 0.052ms
[2025-01-27T16:35:32.262+0000][gc,marking   ] GC(2) Concurrent Scan Root Regions
[2025-01-27T16:35:32.263+0000][gc,marking   ] GC(2) Concurrent Scan Root Regions 1.330ms
[2025-01-27T16:35:32.263+0000][gc,marking   ] GC(2) Concurrent Mark (1.436s)
[2025-01-27T16:35:32.263+0000][gc,marking   ] GC(2) Concurrent Mark From Roots
[2025-01-27T16:35:32.263+0000][gc,task      ] GC(2) Using 1 workers of 1 for marking
[2025-01-27T16:35:32.273+0000][gc,marking   ] GC(2) Concurrent Mark From Roots 9.840ms
[2025-01-27T16:35:32.273+0000][gc,marking   ] GC(2) Concurrent Preclean
[2025-01-27T16:35:32.273+0000][gc,marking   ] GC(2) Concurrent Preclean 0.122ms
[2025-01-27T16:35:32.273+0000][gc,marking   ] GC(2) Concurrent Mark (1.436s, 1.447s) 10.105ms
[2025-01-27T16:35:32.273+0000][gc,start     ] GC(2) Pause Remark
[2025-01-27T16:35:32.276+0000][gc,stringtable] GC(2) Cleaned string and symbol table, strings: 5567 processed, 0 removed, symbols: 51738 processed, 52 removed
[2025-01-27T16:35:32.276+0000][gc            ] GC(2) Pause Remark 8M->8M(1024M) 2.902ms
[2025-01-27T16:35:32.276+0000][gc,cpu        ] GC(2) User=0.01s Sys=0.00s Real=0.00s
[2025-01-27T16:35:32.276+0000][gc,marking    ] GC(2) Concurrent Rebuild Remembered Sets
[2025-01-27T16:35:32.280+0000][gc,marking    ] GC(2) Concurrent Rebuild Remembered Sets 4.275ms
[2025-01-27T16:35:32.282+0000][gc,start      ] GC(2) Pause Cleanup
[2025-01-27T16:35:32.282+0000][gc            ] GC(2) Pause Cleanup 8M->8M(1024M) 0.170ms
[2025-01-27T16:35:32.282+0000][gc,cpu        ] GC(2) User=0.00s Sys=0.00s Real=0.00s
[2025-01-27T16:35:32.282+0000][gc,marking    ] GC(2) Concurrent Cleanup for Next Mark
[2025-01-27T16:35:32.304+0000][gc,marking    ] GC(2) Concurrent Cleanup for Next Mark 22.121ms
[2025-01-27T16:35:32.304+0000][gc            ] GC(2) Concurrent Cycle 42.664ms
[2025-01-27T16:35:33.255+0000][gc,start      ] GC(3) Pause Young (Normal) (G1 Evacuation Pause)
[2025-01-27T16:35:33.255+0000][gc,task       ] GC(3) Using 2 workers of 2 for evacuation
[2025-01-27T16:35:33.263+0000][gc,phases     ] GC(3)   Pre Evacuate Collection Set: 0.0ms
[2025-01-27T16:35:33.263+0000][gc,phases     ] GC(3)   Evacuate Collection Set: 7.7ms
[2025-01-27T16:35:33.263+0000][gc,phases     ] GC(3)   Post Evacuate Collection Set: 0.3ms
[2025-01-27T16:35:33.263+0000][gc,phases     ] GC(3)   Other: 0.1ms
[2025-01-27T16:35:33.263+0000][gc,heap       ] GC(3) Eden regions: 50->0(46)
[2025-01-27T16:35:33.263+0000][gc,heap       ] GC(3) Survivor regions: 1->5(7)
[2025-01-27T16:35:33.263+0000][gc,heap       ] GC(3) Old regions: 9->9
[2025-01-27T16:35:33.263+0000][gc,heap       ] GC(3) Humongous regions: 129->129
[2025-01-27T16:35:33.263+0000][gc,metaspace  ] GC(3) Metaspace: 29050K(30208K)->29050K(30208K) NonClass: 25387K(26112K)->25387K(26112K) Class: 3662K(4096K)->3662K(4096K)
[2025-01-27T16:35:33.263+0000][gc            ] GC(3) Pause Young (Normal) (G1 Evacuation Pause) 186M->140M(1024M) 8.236ms
[2025-01-27T16:35:33.263+0000][gc,cpu        ] GC(3) User=0.02s Sys=0.00s Real=0.01s
[2025-01-27T16:35:33.730+0000][gc,start      ] GC(4) Pause Young (Concurrent Start) (Metadata GC Threshold)
[2025-01-27T16:35:33.730+0000][gc,task       ] GC(4) Using 2 workers of 2 for evacuation
[2025-01-27T16:35:33.741+0000][gc,phases     ] GC(4)   Pre Evacuate Collection Set: 0.1ms
[2025-01-27T16:35:33.741+0000][gc,phases     ] GC(4)   Evacuate Collection Set: 9.6ms
[2025-01-27T16:35:33.741+0000][gc,phases     ] GC(4)   Post Evacuate Collection Set: 0.2ms
[2025-01-27T16:35:33.741+0000][gc,phases     ] GC(4)   Other: 0.3ms
[2025-01-27T16:35:33.741+0000][gc,heap       ] GC(4) Eden regions: 25->0(49)
[2025-01-27T16:35:33.741+0000][gc,heap       ] GC(4) Survivor regions: 5->2(7)
[2025-01-27T16:35:33.741+0000][gc,heap       ] GC(4) Old regions: 9->13
[2025-01-27T16:35:33.741+0000][gc,heap       ] GC(4) Humongous regions: 129->129
[2025-01-27T16:35:33.741+0000][gc,metaspace  ] GC(4) Metaspace: 34418K(35840K)->34418K(35840K) NonClass: 30158K(30976K)->30158K(30976K) Class: 4260K(4864K)->4260K(4864K)
[2025-01-27T16:35:33.741+0000][gc            ] GC(4) Pause Young (Concurrent Start) (Metadata GC Threshold) 164M->142M(1024M) 10.634ms
[2025-01-27T16:35:33.741+0000][gc,cpu        ] GC(4) User=0.02s Sys=0.00s Real=0.00s
[2025-01-27T16:35:33.741+0000][gc            ] GC(5) Concurrent Cycle
[2025-01-27T16:35:33.741+0000][gc,marking    ] GC(5) Concurrent Clear Claimed Marks
[2025-01-27T16:35:33.741+0000][gc,marking    ] GC(5) Concurrent Clear Claimed Marks 0.063ms
[2025-01-27T16:35:33.741+0000][gc,marking    ] GC(5) Concurrent Scan Root Regions
[2025-01-27T16:35:33.743+0000][gc,marking    ] GC(5) Concurrent Scan Root Regions 1.686ms
[2025-01-27T16:35:33.743+0000][gc,marking    ] GC(5) Concurrent Mark (2.916s)
[2025-01-27T16:35:33.743+0000][gc,marking    ] GC(5) Concurrent Mark From Roots
[2025-01-27T16:35:33.743+0000][gc,task       ] GC(5) Using 1 workers of 1 for marking
[2025-01-27T16:35:33.777+0000][gc,marking    ] GC(5) Concurrent Mark From Roots 33.893ms
[2025-01-27T16:35:33.777+0000][gc,marking    ] GC(5) Concurrent Preclean
[2025-01-27T16:35:33.777+0000][gc,marking    ] GC(5) Concurrent Preclean 0.081ms
[2025-01-27T16:35:33.777+0000][gc,marking    ] GC(5) Concurrent Mark (2.916s, 2.951s) 34.060ms
[2025-01-27T16:35:33.781+0000][gc,start      ] GC(5) Pause Remark
[2025-01-27T16:35:33.784+0000][gc,stringtable] GC(5) Cleaned string and symbol table, strings: 10211 processed, 10 removed, symbols: 80738 processed, 22 removed
[2025-01-27T16:35:33.785+0000][gc            ] GC(5) Pause Remark 144M->144M(1024M) 4.150ms
[2025-01-27T16:35:33.785+0000][gc,cpu        ] GC(5) User=0.01s Sys=0.00s Real=0.01s
[2025-01-27T16:35:33.785+0000][gc,marking    ] GC(5) Concurrent Rebuild Remembered Sets
[2025-01-27T16:35:33.823+0000][gc,marking    ] GC(5) Concurrent Rebuild Remembered Sets 38.594ms
[2025-01-27T16:35:33.824+0000][gc,start      ] GC(5) Pause Cleanup
[2025-01-27T16:35:33.824+0000][gc            ] GC(5) Pause Cleanup 148M->148M(1024M) 0.148ms
[2025-01-27T16:35:33.824+0000][gc,cpu        ] GC(5) User=0.00s Sys=0.00s Real=0.00s
[2025-01-27T16:35:33.824+0000][gc,marking    ] GC(5) Concurrent Cleanup for Next Mark
[2025-01-27T16:35:33.838+0000][gc,marking    ] GC(5) Concurrent Cleanup for Next Mark 14.347ms
[2025-01-27T16:35:33.838+0000][gc            ] GC(5) Concurrent Cycle 97.098ms
[2025-01-27T16:52:48.071+0000][gc,start      ] GC(6) Pause Young (Concurrent Start) (G1 Evacuation Pause)
[2025-01-27T16:52:48.071+0000][gc,task       ] GC(6) Using 2 workers of 2 for evacuation
[2025-01-27T16:52:48.078+0000][gc,phases     ] GC(6)   Pre Evacuate Collection Set: 0.2ms
[2025-01-27T16:52:48.078+0000][gc,phases     ] GC(6)   Evacuate Collection Set: 6.3ms
[2025-01-27T16:52:48.078+0000][gc,phases     ] GC(6)   Post Evacuate Collection Set: 0.3ms
[2025-01-27T16:52:48.078+0000][gc,phases     ] GC(6)   Other: 0.2ms
[2025-01-27T16:52:48.078+0000][gc,heap       ] GC(6) Eden regions: 49->0(48)
[2025-01-27T16:52:48.078+0000][gc,heap       ] GC(6) Survivor regions: 2->3(7)
[2025-01-27T16:52:48.078+0000][gc,heap       ] GC(6) Old regions: 13->13
[2025-01-27T16:52:48.078+0000][gc,heap       ] GC(6) Humongous regions: 141->129
[2025-01-27T16:52:48.078+0000][gc,metaspace  ] GC(6) Metaspace: 38063K(40012K)->38063K(40012K) NonClass: 33215K(34252K)->33215K(34252K) Class: 4848K(5760K)->4848K(5760K)
[2025-01-27T16:52:48.078+0000][gc            ] GC(6) Pause Young (Concurrent Start) (G1 Evacuation Pause) 203M->143M(1024M) 7.097ms
[2025-01-27T16:52:48.078+0000][gc,cpu        ] GC(6) User=0.02s Sys=0.00s Real=0.00s
[2025-01-27T16:52:48.078+0000][gc            ] GC(7) Concurrent Cycle
[2025-01-27T16:52:48.078+0000][gc,marking    ] GC(7) Concurrent Clear Claimed Marks
[2025-01-27T16:52:48.079+0000][gc,marking    ] GC(7) Concurrent Clear Claimed Marks 0.088ms
[2025-01-27T16:52:48.079+0000][gc,marking    ] GC(7) Concurrent Scan Root Regions
[2025-01-27T16:52:48.081+0000][gc,marking    ] GC(7) Concurrent Scan Root Regions 1.978ms
[2025-01-27T16:52:48.081+0000][gc,marking    ] GC(7) Concurrent Mark (1037.254s)
[2025-01-27T16:52:48.081+0000][gc,marking    ] GC(7) Concurrent Mark From Roots
[2025-01-27T16:52:48.081+0000][gc,task       ] GC(7) Using 1 workers of 1 for marking
[2025-01-27T16:52:48.090+0000][gc,marking    ] GC(7) Concurrent Mark From Roots 9.182ms
[2025-01-27T16:52:48.090+0000][gc,marking    ] GC(7) Concurrent Preclean
[2025-01-27T16:52:48.090+0000][gc,marking    ] GC(7) Concurrent Preclean 0.156ms
[2025-01-27T16:52:48.090+0000][gc,marking    ] GC(7) Concurrent Mark (1037.254s, 1037.264s) 9.378ms
[2025-01-27T16:52:48.090+0000][gc,start      ] GC(7) Pause Remark
[2025-01-27T16:52:48.099+0000][gc,stringtable] GC(7) Cleaned string and symbol table, strings: 11219 processed, 1008 removed, symbols: 83098 processed, 2 removed
[2025-01-27T16:52:48.099+0000][gc            ] GC(7) Pause Remark 143M->143M(1024M) 8.799ms
[2025-01-27T16:52:48.099+0000][gc,cpu        ] GC(7) User=0.01s Sys=0.00s Real=0.00s
[2025-01-27T16:52:48.099+0000][gc,marking    ] GC(7) Concurrent Rebuild Remembered Sets
[2025-01-27T16:52:48.104+0000][gc,marking    ] GC(7) Concurrent Rebuild Remembered Sets 5.134ms
[2025-01-27T16:52:48.104+0000][gc,start      ] GC(7) Pause Cleanup
[2025-01-27T16:52:48.104+0000][gc            ] GC(7) Pause Cleanup 143M->143M(1024M) 0.140ms
[2025-01-27T16:52:48.104+0000][gc,cpu        ] GC(7) User=0.00s Sys=0.00s Real=0.00s
[2025-01-27T16:52:48.104+0000][gc,marking    ] GC(7) Concurrent Cleanup for Next Mark
[2025-01-27T16:52:48.106+0000][gc,marking    ] GC(7) Concurrent Cleanup for Next Mark 1.320ms
[2025-01-27T16:52:48.106+0000][gc            ] GC(7) Concurrent Cycle 27.237ms
[2025-01-27T16:53:41.307+0000][gc,heap,exit  ] Heap
[2025-01-27T16:53:41.307+0000][gc,heap,exit  ]  garbage-first heap   total 1048576K, used 158775K [0x00000000c0000000, 0x0000000100000000)
[2025-01-27T16:53:41.307+0000][gc,heap,exit  ]   region size 1024K, 16 young (16384K), 3 survivors (3072K)
[2025-01-27T16:53:41.307+0000][gc,heap,exit  ]  Metaspace       used 38775K, capacity 40688K, committed 41036K, reserved 1085440K
[2025-01-27T16:53:41.307+0000][gc,heap,exit  ]   class space    used 5006K, capacity 5909K, committed 6016K, reserved 1048576K
