[2025-01-27T16:38:01.794+0000][gc,heap] Heap region size: 1M
[2025-01-27T16:38:01.802+0000][gc     ] Using G1
[2025-01-27T16:38:01.802+0000][gc,heap,coops] Heap address: 0x00000000c0000000, size: 1024 MB, Compressed Oops mode: 32-bit
[2025-01-27T16:38:01.803+0000][gc,cds       ] Mark closed archive regions in map: [0x00000000fff00000, 0x00000000fff6bff8]
[2025-01-27T16:38:01.803+0000][gc,cds       ] Mark open archive regions in map: [0x00000000ffe00000, 0x00000000ffe47ff8]
[2025-01-27T16:38:03.036+0000][gc,start     ] GC(0) Pause Young (Normal) (G1 Evacuation Pause)
[2025-01-27T16:38:03.036+0000][gc,task      ] GC(0) Using 2 workers of 2 for evacuation
[2025-01-27T16:38:03.047+0000][gc,phases    ] GC(0)   Pre Evacuate Collection Set: 0.0ms
[2025-01-27T16:38:03.047+0000][gc,phases    ] GC(0)   Evacuate Collection Set: 10.1ms
[2025-01-27T16:38:03.047+0000][gc,phases    ] GC(0)   Post Evacuate Collection Set: 0.3ms
[2025-01-27T16:38:03.047+0000][gc,phases    ] GC(0)   Other: 0.3ms
[2025-01-27T16:38:03.047+0000][gc,heap      ] GC(0) Eden regions: 51->0(44)
[2025-01-27T16:38:03.047+0000][gc,heap      ] GC(0) Survivor regions: 0->7(7)
[2025-01-27T16:38:03.047+0000][gc,heap      ] GC(0) Old regions: 2->2
[2025-01-27T16:38:03.047+0000][gc,heap      ] GC(0) Humongous regions: 0->0
[2025-01-27T16:38:03.047+0000][gc,metaspace ] GC(0) Metaspace: 16823K(17536K)->16823K(17536K) NonClass: 14608K(15104K)->14608K(15104K) Class: 2215K(2432K)->2215K(2432K)
[2025-01-27T16:38:03.047+0000][gc           ] GC(0) Pause Young (Normal) (G1 Evacuation Pause) 51M->7M(1024M) 10.784ms
[2025-01-27T16:38:03.047+0000][gc,cpu       ] GC(0) User=0.01s Sys=0.01s Real=0.01s
[2025-01-27T16:38:06.254+0000][gc,heap,exit ] Heap
[2025-01-27T16:38:06.254+0000][gc,heap,exit ]  garbage-first heap   total 1048576K, used 22793K [0x00000000c0000000, 0x0000000100000000)
[2025-01-27T16:38:06.255+0000][gc,heap,exit ]   region size 1024K, 23 young (23552K), 7 survivors (7168K)
[2025-01-27T16:38:06.255+0000][gc,heap,exit ]  Metaspace       used 20478K, capacity 21124K, committed 21248K, reserved 1067008K
[2025-01-27T16:38:06.255+0000][gc,heap,exit ]   class space    used 2748K, capacity 3016K, committed 3072K, reserved 1048576K
