[2025-01-27T14:22:15.621+0000][gc,heap] Heap region size: 1M
[2025-01-27T14:22:15.629+0000][gc     ] Using G1
[2025-01-27T14:22:15.629+0000][gc,heap,coops] Heap address: 0x00000000c0000000, size: 1024 MB, Compressed Oops mode: 32-bit
[2025-01-27T14:22:15.630+0000][gc,cds       ] Mark closed archive regions in map: [0x00000000fff00000, 0x00000000fff6bff8]
[2025-01-27T14:22:15.630+0000][gc,cds       ] Mark open archive regions in map: [0x00000000ffe00000, 0x00000000ffe47ff8]
[2025-01-27T14:22:16.950+0000][gc,start     ] GC(0) Pause Young (Normal) (G1 Evacuation Pause)
[2025-01-27T14:22:16.951+0000][gc,task      ] GC(0) Using 2 workers of 2 for evacuation
[2025-01-27T14:22:16.971+0000][gc,mmu       ] GC(0) MMU target violated: 20.1ms (20.0ms/21.0ms)
[2025-01-27T14:22:16.971+0000][gc,phases    ] GC(0)   Pre Evacuate Collection Set: 0.0ms
[2025-01-27T14:22:16.971+0000][gc,phases    ] GC(0)   Evacuate Collection Set: 19.7ms
[2025-01-27T14:22:16.971+0000][gc,phases    ] GC(0)   Post Evacuate Collection Set: 0.3ms
[2025-01-27T14:22:16.971+0000][gc,phases    ] GC(0)   Other: 0.4ms
[2025-01-27T14:22:16.971+0000][gc,heap      ] GC(0) Eden regions: 51->0(44)
[2025-01-27T14:22:16.971+0000][gc,heap      ] GC(0) Survivor regions: 0->7(7)
[2025-01-27T14:22:16.971+0000][gc,heap      ] GC(0) Old regions: 2->2
[2025-01-27T14:22:16.971+0000][gc,heap      ] GC(0) Humongous regions: 0->0
[2025-01-27T14:22:16.971+0000][gc,metaspace ] GC(0) Metaspace: 16898K(17536K)->16898K(17536K) NonClass: 14673K(15104K)->14673K(15104K) Class: 2224K(2432K)->2224K(2432K)
[2025-01-27T14:22:16.971+0000][gc           ] GC(0) Pause Young (Normal) (G1 Evacuation Pause) 51M->7M(1024M) 20.875ms
[2025-01-27T14:22:16.971+0000][gc,cpu       ] GC(0) User=0.03s Sys=0.00s Real=0.02s
[2025-01-27T14:22:17.214+0000][gc,start     ] GC(1) Pause Young (Concurrent Start) (Metadata GC Threshold)
[2025-01-27T14:22:17.214+0000][gc,task      ] GC(1) Using 2 workers of 2 for evacuation
[2025-01-27T14:22:17.232+0000][gc,phases    ] GC(1)   Pre Evacuate Collection Set: 0.1ms
[2025-01-27T14:22:17.232+0000][gc,phases    ] GC(1)   Evacuate Collection Set: 17.2ms
[2025-01-27T14:22:17.232+0000][gc,phases    ] GC(1)   Post Evacuate Collection Set: 0.3ms
[2025-01-27T14:22:17.232+0000][gc,phases    ] GC(1)   Other: 0.3ms
[2025-01-27T14:22:17.232+0000][gc,heap      ] GC(1) Eden regions: 16->0(50)
[2025-01-27T14:22:17.232+0000][gc,heap      ] GC(1) Survivor regions: 7->1(7)
[2025-01-27T14:22:17.232+0000][gc,heap      ] GC(1) Old regions: 2->9
[2025-01-27T14:22:17.232+0000][gc,heap      ] GC(1) Humongous regions: 0->0
[2025-01-27T14:22:17.232+0000][gc,metaspace ] GC(1) Metaspace: 20550K(21248K)->20550K(21248K) NonClass: 17745K(18176K)->17745K(18176K) Class: 2805K(3072K)->2805K(3072K)
[2025-01-27T14:22:17.232+0000][gc           ] GC(1) Pause Young (Concurrent Start) (Metadata GC Threshold) 22M->7M(1024M) 17.919ms
[2025-01-27T14:22:17.232+0000][gc,cpu       ] GC(1) User=0.02s Sys=0.01s Real=0.01s
[2025-01-27T14:22:17.232+0000][gc           ] GC(2) Concurrent Cycle
[2025-01-27T14:22:17.232+0000][gc,marking   ] GC(2) Concurrent Clear Claimed Marks
[2025-01-27T14:22:17.232+0000][gc,marking   ] GC(2) Concurrent Clear Claimed Marks 0.037ms
[2025-01-27T14:22:17.232+0000][gc,marking   ] GC(2) Concurrent Scan Root Regions
[2025-01-27T14:22:17.233+0000][gc,marking   ] GC(2) Concurrent Scan Root Regions 0.799ms
[2025-01-27T14:22:17.233+0000][gc,marking   ] GC(2) Concurrent Mark (1.615s)
[2025-01-27T14:22:17.233+0000][gc,marking   ] GC(2) Concurrent Mark From Roots
[2025-01-27T14:22:17.233+0000][gc,task      ] GC(2) Using 1 workers of 1 for marking
[2025-01-27T14:22:17.250+0000][gc,marking   ] GC(2) Concurrent Mark From Roots 16.447ms
[2025-01-27T14:22:17.250+0000][gc,marking   ] GC(2) Concurrent Preclean
[2025-01-27T14:22:17.250+0000][gc,marking   ] GC(2) Concurrent Preclean 0.132ms
[2025-01-27T14:22:17.250+0000][gc,marking   ] GC(2) Concurrent Mark (1.615s, 1.632s) 16.722ms
[2025-01-27T14:22:17.251+0000][gc,start     ] GC(2) Pause Remark
[2025-01-27T14:22:17.253+0000][gc,stringtable] GC(2) Cleaned string and symbol table, strings: 5518 processed, 0 removed, symbols: 50599 processed, 50 removed
[2025-01-27T14:22:17.253+0000][gc            ] GC(2) Pause Remark 8M->8M(1024M) 2.652ms
[2025-01-27T14:22:17.254+0000][gc,cpu        ] GC(2) User=0.00s Sys=0.00s Real=0.01s
[2025-01-27T14:22:17.254+0000][gc,marking    ] GC(2) Concurrent Rebuild Remembered Sets
[2025-01-27T14:22:17.286+0000][gc,marking    ] GC(2) Concurrent Rebuild Remembered Sets 32.194ms
[2025-01-27T14:22:17.286+0000][gc,start      ] GC(2) Pause Cleanup
[2025-01-27T14:22:17.286+0000][gc            ] GC(2) Pause Cleanup 9M->9M(1024M) 0.305ms
[2025-01-27T14:22:17.286+0000][gc,cpu        ] GC(2) User=0.00s Sys=0.00s Real=0.00s
[2025-01-27T14:22:17.286+0000][gc,marking    ] GC(2) Concurrent Cleanup for Next Mark
[2025-01-27T14:22:17.302+0000][gc,marking    ] GC(2) Concurrent Cleanup for Next Mark 15.900ms
[2025-01-27T14:22:17.302+0000][gc            ] GC(2) Concurrent Cycle 69.943ms
[2025-01-27T14:22:18.129+0000][gc,start      ] GC(3) Pause Young (Normal) (G1 Evacuation Pause)
[2025-01-27T14:22:18.129+0000][gc,task       ] GC(3) Using 2 workers of 2 for evacuation
[2025-01-27T14:22:18.138+0000][gc,phases     ] GC(3)   Pre Evacuate Collection Set: 0.0ms
[2025-01-27T14:22:18.138+0000][gc,phases     ] GC(3)   Evacuate Collection Set: 7.8ms
[2025-01-27T14:22:18.138+0000][gc,phases     ] GC(3)   Post Evacuate Collection Set: 0.2ms
[2025-01-27T14:22:18.138+0000][gc,phases     ] GC(3)   Other: 0.1ms
[2025-01-27T14:22:18.138+0000][gc,heap       ] GC(3) Eden regions: 50->0(46)
[2025-01-27T14:22:18.138+0000][gc,heap       ] GC(3) Survivor regions: 1->5(7)
[2025-01-27T14:22:18.138+0000][gc,heap       ] GC(3) Old regions: 9->9
[2025-01-27T14:22:18.138+0000][gc,heap       ] GC(3) Humongous regions: 129->129
[2025-01-27T14:22:18.138+0000][gc,metaspace  ] GC(3) Metaspace: 30843K(31996K)->30843K(31996K) NonClass: 27046K(27648K)->27046K(27648K) Class: 3796K(4348K)->3796K(4348K)
[2025-01-27T14:22:18.138+0000][gc            ] GC(3) Pause Young (Normal) (G1 Evacuation Pause) 186M->140M(1024M) 8.356ms
[2025-01-27T14:22:18.138+0000][gc,cpu        ] GC(3) User=0.01s Sys=0.00s Real=0.01s
[2025-01-27T14:22:55.233+0000][gc,start      ] GC(4) Pause Young (Concurrent Start) (Metadata GC Threshold)
[2025-01-27T14:22:55.233+0000][gc,task       ] GC(4) Using 2 workers of 2 for evacuation
[2025-01-27T14:22:55.243+0000][gc,phases     ] GC(4)   Pre Evacuate Collection Set: 0.1ms
[2025-01-27T14:22:55.243+0000][gc,phases     ] GC(4)   Evacuate Collection Set: 10.1ms
[2025-01-27T14:22:55.243+0000][gc,phases     ] GC(4)   Post Evacuate Collection Set: 0.3ms
[2025-01-27T14:22:55.243+0000][gc,phases     ] GC(4)   Other: 0.2ms
[2025-01-27T14:22:55.243+0000][gc,heap       ] GC(4) Eden regions: 18->0(49)
[2025-01-27T14:22:55.243+0000][gc,heap       ] GC(4) Survivor regions: 5->2(7)
[2025-01-27T14:22:55.243+0000][gc,heap       ] GC(4) Old regions: 9->13
[2025-01-27T14:22:55.243+0000][gc,heap       ] GC(4) Humongous regions: 129->129
[2025-01-27T14:22:55.243+0000][gc,metaspace  ] GC(4) Metaspace: 34458K(36048K)->34458K(36048K) NonClass: 30083K(30932K)->30083K(30932K) Class: 4374K(5116K)->4374K(5116K)
[2025-01-27T14:22:55.243+0000][gc            ] GC(4) Pause Young (Concurrent Start) (Metadata GC Threshold) 158M->141M(1024M) 10.772ms
[2025-01-27T14:22:55.243+0000][gc,cpu        ] GC(4) User=0.02s Sys=0.00s Real=0.01s
[2025-01-27T14:22:55.243+0000][gc            ] GC(5) Concurrent Cycle
[2025-01-27T14:22:55.243+0000][gc,marking    ] GC(5) Concurrent Clear Claimed Marks
[2025-01-27T14:22:55.243+0000][gc,marking    ] GC(5) Concurrent Clear Claimed Marks 0.082ms
[2025-01-27T14:22:55.244+0000][gc,marking    ] GC(5) Concurrent Scan Root Regions
[2025-01-27T14:22:55.245+0000][gc,marking    ] GC(5) Concurrent Scan Root Regions 1.001ms
[2025-01-27T14:22:55.245+0000][gc,marking    ] GC(5) Concurrent Mark (39.626s)
[2025-01-27T14:22:55.245+0000][gc,marking    ] GC(5) Concurrent Mark From Roots
[2025-01-27T14:22:55.245+0000][gc,task       ] GC(5) Using 1 workers of 1 for marking
[2025-01-27T14:22:55.268+0000][gc,marking    ] GC(5) Concurrent Mark From Roots 23.360ms
[2025-01-27T14:22:55.268+0000][gc,marking    ] GC(5) Concurrent Preclean
[2025-01-27T14:22:55.268+0000][gc,marking    ] GC(5) Concurrent Preclean 0.089ms
[2025-01-27T14:22:55.268+0000][gc,marking    ] GC(5) Concurrent Mark (39.626s, 39.650s) 23.555ms
[2025-01-27T14:22:55.268+0000][gc,start      ] GC(5) Pause Remark
[2025-01-27T14:22:55.272+0000][gc,stringtable] GC(5) Cleaned string and symbol table, strings: 9994 processed, 10 removed, symbols: 80066 processed, 20 removed
[2025-01-27T14:22:55.272+0000][gc            ] GC(5) Pause Remark 142M->142M(1024M) 3.721ms
[2025-01-27T14:22:55.272+0000][gc,cpu        ] GC(5) User=0.01s Sys=0.00s Real=0.00s
[2025-01-27T14:22:55.272+0000][gc,marking    ] GC(5) Concurrent Rebuild Remembered Sets
[2025-01-27T14:22:55.294+0000][gc,marking    ] GC(5) Concurrent Rebuild Remembered Sets 21.743ms
[2025-01-27T14:22:55.294+0000][gc,start      ] GC(5) Pause Cleanup
[2025-01-27T14:22:55.294+0000][gc            ] GC(5) Pause Cleanup 143M->143M(1024M) 0.181ms
[2025-01-27T14:22:55.294+0000][gc,cpu        ] GC(5) User=0.00s Sys=0.00s Real=0.00s
[2025-01-27T14:22:55.294+0000][gc,marking    ] GC(5) Concurrent Cleanup for Next Mark
[2025-01-27T14:22:55.304+0000][gc,marking    ] GC(5) Concurrent Cleanup for Next Mark 9.581ms
[2025-01-27T14:22:55.304+0000][gc            ] GC(5) Concurrent Cycle 60.603ms
[2025-01-27T14:58:47.828+0000][gc,start      ] GC(6) Pause Young (Normal) (G1 Evacuation Pause)
[2025-01-27T14:58:47.830+0000][gc,task       ] GC(6) Using 2 workers of 2 for evacuation
[2025-01-27T14:58:47.837+0000][gc,phases     ] GC(6)   Pre Evacuate Collection Set: 0.0ms
[2025-01-27T14:58:47.837+0000][gc,phases     ] GC(6)   Evacuate Collection Set: 6.4ms
[2025-01-27T14:58:47.837+0000][gc,phases     ] GC(6)   Post Evacuate Collection Set: 0.4ms
[2025-01-27T14:58:47.837+0000][gc,phases     ] GC(6)   Other: 1.6ms
[2025-01-27T14:58:47.837+0000][gc,heap       ] GC(6) Eden regions: 49->0(48)
[2025-01-27T14:58:47.837+0000][gc,heap       ] GC(6) Survivor regions: 2->3(7)
[2025-01-27T14:58:47.837+0000][gc,heap       ] GC(6) Old regions: 13->13
[2025-01-27T14:58:47.837+0000][gc,heap       ] GC(6) Humongous regions: 129->129
[2025-01-27T14:58:47.837+0000][gc,metaspace  ] GC(6) Metaspace: 37471K(39376K)->37471K(39376K) NonClass: 32669K(33748K)->32669K(33748K) Class: 4801K(5628K)->4801K(5628K)
[2025-01-27T14:58:47.837+0000][gc            ] GC(6) Pause Young (Normal) (G1 Evacuation Pause) 190M->142M(1024M) 8.538ms
[2025-01-27T14:58:47.837+0000][gc,cpu        ] GC(6) User=0.01s Sys=0.00s Real=0.01s
[2025-01-27T14:59:17.144+0000][gc,start      ] GC(7) Pause Young (Normal) (G1 Evacuation Pause)
[2025-01-27T14:59:17.144+0000][gc,task       ] GC(7) Using 2 workers of 2 for evacuation
[2025-01-27T14:59:17.151+0000][gc,phases     ] GC(7)   Pre Evacuate Collection Set: 0.0ms
[2025-01-27T14:59:17.151+0000][gc,phases     ] GC(7)   Evacuate Collection Set: 6.3ms
[2025-01-27T14:59:17.151+0000][gc,phases     ] GC(7)   Post Evacuate Collection Set: 0.5ms
[2025-01-27T14:59:17.151+0000][gc,phases     ] GC(7)   Other: 0.2ms
[2025-01-27T14:59:17.151+0000][gc,heap       ] GC(7) Eden regions: 48->0(47)
[2025-01-27T14:59:17.151+0000][gc,heap       ] GC(7) Survivor regions: 3->4(7)
[2025-01-27T14:59:17.151+0000][gc,heap       ] GC(7) Old regions: 13->13
[2025-01-27T14:59:17.151+0000][gc,heap       ] GC(7) Humongous regions: 129->129
[2025-01-27T14:59:17.151+0000][gc,metaspace  ] GC(7) Metaspace: 39579K(41680K)->39579K(41680K) NonClass: 34473K(35540K)->34473K(35540K) Class: 5106K(6140K)->5106K(6140K)
[2025-01-27T14:59:17.151+0000][gc            ] GC(7) Pause Young (Normal) (G1 Evacuation Pause) 190M->144M(1024M) 7.176ms
[2025-01-27T14:59:17.151+0000][gc,cpu        ] GC(7) User=0.02s Sys=0.00s Real=0.01s
[2025-01-27T14:59:57.892+0000][gc,start      ] GC(8) Pause Young (Normal) (G1 Evacuation Pause)
[2025-01-27T14:59:57.892+0000][gc,task       ] GC(8) Using 2 workers of 2 for evacuation
[2025-01-27T14:59:57.899+0000][gc,phases     ] GC(8)   Pre Evacuate Collection Set: 0.0ms
[2025-01-27T14:59:57.899+0000][gc,phases     ] GC(8)   Evacuate Collection Set: 6.5ms
[2025-01-27T14:59:57.899+0000][gc,phases     ] GC(8)   Post Evacuate Collection Set: 0.6ms
[2025-01-27T14:59:57.899+0000][gc,phases     ] GC(8)   Other: 0.2ms
[2025-01-27T14:59:57.899+0000][gc,heap       ] GC(8) Eden regions: 47->0(47)
[2025-01-27T14:59:57.899+0000][gc,heap       ] GC(8) Survivor regions: 4->4(7)
[2025-01-27T14:59:57.899+0000][gc,heap       ] GC(8) Old regions: 13->13
[2025-01-27T14:59:57.899+0000][gc,heap       ] GC(8) Humongous regions: 129->129
[2025-01-27T14:59:57.899+0000][gc,metaspace  ] GC(8) Metaspace: 39632K(41680K)->39632K(41680K) NonClass: 34525K(35540K)->34525K(35540K) Class: 5107K(6140K)->5107K(6140K)
[2025-01-27T14:59:57.900+0000][gc            ] GC(8) Pause Young (Normal) (G1 Evacuation Pause) 191M->144M(1024M) 7.368ms
[2025-01-27T14:59:57.900+0000][gc,cpu        ] GC(8) User=0.01s Sys=0.00s Real=0.01s
[2025-01-27T15:00:39.013+0000][gc,start      ] GC(9) Pause Young (Normal) (G1 Evacuation Pause)
[2025-01-27T15:00:39.013+0000][gc,task       ] GC(9) Using 2 workers of 2 for evacuation
[2025-01-27T15:00:39.020+0000][gc,phases     ] GC(9)   Pre Evacuate Collection Set: 0.0ms
[2025-01-27T15:00:39.020+0000][gc,phases     ] GC(9)   Evacuate Collection Set: 6.3ms
[2025-01-27T15:00:39.020+0000][gc,phases     ] GC(9)   Post Evacuate Collection Set: 0.5ms
[2025-01-27T15:00:39.020+0000][gc,phases     ] GC(9)   Other: 0.2ms
[2025-01-27T15:00:39.020+0000][gc,heap       ] GC(9) Eden regions: 47->0(47)
[2025-01-27T15:00:39.020+0000][gc,heap       ] GC(9) Survivor regions: 4->4(7)
[2025-01-27T15:00:39.020+0000][gc,heap       ] GC(9) Old regions: 13->13
[2025-01-27T15:00:39.020+0000][gc,heap       ] GC(9) Humongous regions: 129->129
[2025-01-27T15:00:39.020+0000][gc,metaspace  ] GC(9) Metaspace: 39666K(41936K)->39666K(41936K) NonClass: 34558K(35796K)->34558K(35796K) Class: 5107K(6140K)->5107K(6140K)
[2025-01-27T15:00:39.020+0000][gc            ] GC(9) Pause Young (Normal) (G1 Evacuation Pause) 191M->144M(1024M) 7.135ms
[2025-01-27T15:00:39.020+0000][gc,cpu        ] GC(9) User=0.02s Sys=0.00s Real=0.01s
[2025-01-27T15:01:21.217+0000][gc,start      ] GC(10) Pause Young (Normal) (G1 Evacuation Pause)
[2025-01-27T15:01:21.217+0000][gc,task       ] GC(10) Using 2 workers of 2 for evacuation
[2025-01-27T15:01:21.224+0000][gc,phases     ] GC(10)   Pre Evacuate Collection Set: 0.0ms
[2025-01-27T15:01:21.224+0000][gc,phases     ] GC(10)   Evacuate Collection Set: 6.2ms
[2025-01-27T15:01:21.224+0000][gc,phases     ] GC(10)   Post Evacuate Collection Set: 0.6ms
[2025-01-27T15:01:21.224+0000][gc,phases     ] GC(10)   Other: 0.2ms
[2025-01-27T15:01:21.224+0000][gc,heap       ] GC(10) Eden regions: 47->0(47)
[2025-01-27T15:01:21.224+0000][gc,heap       ] GC(10) Survivor regions: 4->4(7)
[2025-01-27T15:01:21.224+0000][gc,heap       ] GC(10) Old regions: 13->13
[2025-01-27T15:01:21.224+0000][gc,heap       ] GC(10) Humongous regions: 129->129
[2025-01-27T15:01:21.224+0000][gc,metaspace  ] GC(10) Metaspace: 39687K(41936K)->39687K(41936K) NonClass: 34580K(35796K)->34580K(35796K) Class: 5107K(6140K)->5107K(6140K)
[2025-01-27T15:01:21.224+0000][gc            ] GC(10) Pause Young (Normal) (G1 Evacuation Pause) 191M->144M(1024M) 7.083ms
[2025-01-27T15:01:21.225+0000][gc,cpu        ] GC(10) User=0.01s Sys=0.00s Real=0.00s
[2025-01-27T15:02:03.667+0000][gc,start      ] GC(11) Pause Young (Normal) (G1 Evacuation Pause)
[2025-01-27T15:02:03.667+0000][gc,task       ] GC(11) Using 2 workers of 2 for evacuation
[2025-01-27T15:02:03.674+0000][gc,phases     ] GC(11)   Pre Evacuate Collection Set: 0.0ms
[2025-01-27T15:02:03.674+0000][gc,phases     ] GC(11)   Evacuate Collection Set: 6.4ms
[2025-01-27T15:02:03.674+0000][gc,phases     ] GC(11)   Post Evacuate Collection Set: 0.5ms
[2025-01-27T15:02:03.674+0000][gc,phases     ] GC(11)   Other: 0.2ms
[2025-01-27T15:02:03.674+0000][gc,heap       ] GC(11) Eden regions: 47->0(47)
[2025-01-27T15:02:03.674+0000][gc,heap       ] GC(11) Survivor regions: 4->4(7)
[2025-01-27T15:02:03.674+0000][gc,heap       ] GC(11) Old regions: 13->13
[2025-01-27T15:02:03.674+0000][gc,heap       ] GC(11) Humongous regions: 129->129
[2025-01-27T15:02:03.674+0000][gc,metaspace  ] GC(11) Metaspace: 39752K(41936K)->39752K(41936K) NonClass: 34644K(35796K)->34644K(35796K) Class: 5107K(6140K)->5107K(6140K)
[2025-01-27T15:02:03.674+0000][gc            ] GC(11) Pause Young (Normal) (G1 Evacuation Pause) 191M->144M(1024M) 7.295ms
[2025-01-27T15:02:03.674+0000][gc,cpu        ] GC(11) User=0.02s Sys=0.00s Real=0.01s
[2025-01-27T15:02:45.876+0000][gc,start      ] GC(12) Pause Young (Normal) (G1 Evacuation Pause)
[2025-01-27T15:02:45.876+0000][gc,task       ] GC(12) Using 2 workers of 2 for evacuation
[2025-01-27T15:02:45.884+0000][gc,phases     ] GC(12)   Pre Evacuate Collection Set: 0.0ms
[2025-01-27T15:02:45.884+0000][gc,phases     ] GC(12)   Evacuate Collection Set: 6.6ms
[2025-01-27T15:02:45.884+0000][gc,phases     ] GC(12)   Post Evacuate Collection Set: 0.4ms
[2025-01-27T15:02:45.884+0000][gc,phases     ] GC(12)   Other: 0.2ms
[2025-01-27T15:02:45.884+0000][gc,heap       ] GC(12) Eden regions: 47->0(47)
[2025-01-27T15:02:45.884+0000][gc,heap       ] GC(12) Survivor regions: 4->4(7)
[2025-01-27T15:02:45.884+0000][gc,heap       ] GC(12) Old regions: 13->13
[2025-01-27T15:02:45.884+0000][gc,heap       ] GC(12) Humongous regions: 129->129
[2025-01-27T15:02:45.884+0000][gc,metaspace  ] GC(12) Metaspace: 39829K(41936K)->39829K(41936K) NonClass: 34708K(35796K)->34708K(35796K) Class: 5120K(6140K)->5120K(6140K)
[2025-01-27T15:02:45.884+0000][gc            ] GC(12) Pause Young (Normal) (G1 Evacuation Pause) 191M->144M(1024M) 7.369ms
[2025-01-27T15:02:45.884+0000][gc,cpu        ] GC(12) User=0.01s Sys=0.00s Real=0.00s
[2025-01-27T15:03:28.725+0000][gc,start      ] GC(13) Pause Young (Normal) (G1 Evacuation Pause)
[2025-01-27T15:03:28.725+0000][gc,task       ] GC(13) Using 2 workers of 2 for evacuation
[2025-01-27T15:03:28.732+0000][gc,phases     ] GC(13)   Pre Evacuate Collection Set: 0.0ms
[2025-01-27T15:03:28.732+0000][gc,phases     ] GC(13)   Evacuate Collection Set: 6.6ms
[2025-01-27T15:03:28.732+0000][gc,phases     ] GC(13)   Post Evacuate Collection Set: 0.5ms
[2025-01-27T15:03:28.732+0000][gc,phases     ] GC(13)   Other: 0.2ms
[2025-01-27T15:03:28.732+0000][gc,heap       ] GC(13) Eden regions: 47->0(47)
[2025-01-27T15:03:28.732+0000][gc,heap       ] GC(13) Survivor regions: 4->4(7)
[2025-01-27T15:03:28.732+0000][gc,heap       ] GC(13) Old regions: 13->13
[2025-01-27T15:03:28.732+0000][gc,heap       ] GC(13) Humongous regions: 129->129
[2025-01-27T15:03:28.733+0000][gc,metaspace  ] GC(13) Metaspace: 39848K(41936K)->39848K(41936K) NonClass: 34727K(35796K)->34727K(35796K) Class: 5120K(6140K)->5120K(6140K)
[2025-01-27T15:03:28.733+0000][gc            ] GC(13) Pause Young (Normal) (G1 Evacuation Pause) 191M->144M(1024M) 7.420ms
[2025-01-27T15:03:28.733+0000][gc,cpu        ] GC(13) User=0.01s Sys=0.01s Real=0.00s
[2025-01-27T15:04:11.706+0000][gc,start      ] GC(14) Pause Young (Normal) (G1 Evacuation Pause)
[2025-01-27T15:04:11.706+0000][gc,task       ] GC(14) Using 2 workers of 2 for evacuation
[2025-01-27T15:04:11.714+0000][gc,phases     ] GC(14)   Pre Evacuate Collection Set: 0.0ms
[2025-01-27T15:04:11.714+0000][gc,phases     ] GC(14)   Evacuate Collection Set: 6.5ms
[2025-01-27T15:04:11.714+0000][gc,phases     ] GC(14)   Post Evacuate Collection Set: 0.5ms
[2025-01-27T15:04:11.714+0000][gc,phases     ] GC(14)   Other: 0.2ms
[2025-01-27T15:04:11.714+0000][gc,heap       ] GC(14) Eden regions: 47->0(50)
[2025-01-27T15:04:11.714+0000][gc,heap       ] GC(14) Survivor regions: 4->4(7)
[2025-01-27T15:04:11.714+0000][gc,heap       ] GC(14) Old regions: 13->13
[2025-01-27T15:04:11.714+0000][gc,heap       ] GC(14) Humongous regions: 129->129
[2025-01-27T15:04:11.714+0000][gc,metaspace  ] GC(14) Metaspace: 39862K(41936K)->39862K(41936K) NonClass: 34741K(35796K)->34741K(35796K) Class: 5120K(6140K)->5120K(6140K)
[2025-01-27T15:04:11.714+0000][gc            ] GC(14) Pause Young (Normal) (G1 Evacuation Pause) 191M->144M(1024M) 7.372ms
[2025-01-27T15:04:11.714+0000][gc,cpu        ] GC(14) User=0.01s Sys=0.00s Real=0.01s
[2025-01-27T15:04:57.270+0000][gc,start      ] GC(15) Pause Young (Normal) (G1 Evacuation Pause)
[2025-01-27T15:04:57.271+0000][gc,task       ] GC(15) Using 2 workers of 2 for evacuation
[2025-01-27T15:04:57.278+0000][gc,phases     ] GC(15)   Pre Evacuate Collection Set: 0.0ms
[2025-01-27T15:04:57.278+0000][gc,phases     ] GC(15)   Evacuate Collection Set: 6.6ms
[2025-01-27T15:04:57.278+0000][gc,phases     ] GC(15)   Post Evacuate Collection Set: 0.7ms
[2025-01-27T15:04:57.278+0000][gc,phases     ] GC(15)   Other: 0.2ms
[2025-01-27T15:04:57.278+0000][gc,heap       ] GC(15) Eden regions: 50->0(53)
[2025-01-27T15:04:57.278+0000][gc,heap       ] GC(15) Survivor regions: 4->4(7)
[2025-01-27T15:04:57.278+0000][gc,heap       ] GC(15) Old regions: 13->13
[2025-01-27T15:04:57.278+0000][gc,heap       ] GC(15) Humongous regions: 129->129
[2025-01-27T15:04:57.278+0000][gc,metaspace  ] GC(15) Metaspace: 39896K(41936K)->39896K(41936K) NonClass: 34776K(35796K)->34776K(35796K) Class: 5120K(6140K)->5120K(6140K)
[2025-01-27T15:04:57.278+0000][gc            ] GC(15) Pause Young (Normal) (G1 Evacuation Pause) 194M->144M(1024M) 7.585ms
[2025-01-27T15:04:57.278+0000][gc,cpu        ] GC(15) User=0.01s Sys=0.00s Real=0.01s
[2025-01-27T15:05:45.112+0000][gc,start      ] GC(16) Pause Young (Normal) (G1 Evacuation Pause)
[2025-01-27T15:05:45.112+0000][gc,task       ] GC(16) Using 2 workers of 2 for evacuation
[2025-01-27T15:05:45.120+0000][gc,phases     ] GC(16)   Pre Evacuate Collection Set: 0.0ms
[2025-01-27T15:05:45.120+0000][gc,phases     ] GC(16)   Evacuate Collection Set: 7.4ms
[2025-01-27T15:05:45.120+0000][gc,phases     ] GC(16)   Post Evacuate Collection Set: 0.5ms
[2025-01-27T15:05:45.120+0000][gc,phases     ] GC(16)   Other: 0.2ms
[2025-01-27T15:05:45.120+0000][gc,heap       ] GC(16) Eden regions: 53->0(55)
[2025-01-27T15:05:45.120+0000][gc,heap       ] GC(16) Survivor regions: 4->4(8)
[2025-01-27T15:05:45.120+0000][gc,heap       ] GC(16) Old regions: 13->13
[2025-01-27T15:05:45.120+0000][gc,heap       ] GC(16) Humongous regions: 129->129
[2025-01-27T15:05:45.120+0000][gc,metaspace  ] GC(16) Metaspace: 39939K(42192K)->39939K(42192K) NonClass: 34819K(36052K)->34819K(36052K) Class: 5120K(6140K)->5120K(6140K)
[2025-01-27T15:05:45.120+0000][gc            ] GC(16) Pause Young (Normal) (G1 Evacuation Pause) 197M->144M(1024M) 8.224ms
[2025-01-27T15:05:45.120+0000][gc,cpu        ] GC(16) User=0.01s Sys=0.01s Real=0.01s
[2025-01-27T15:06:35.088+0000][gc,start      ] GC(17) Pause Young (Normal) (G1 Evacuation Pause)
[2025-01-27T15:06:35.088+0000][gc,task       ] GC(17) Using 2 workers of 2 for evacuation
[2025-01-27T15:06:35.095+0000][gc,phases     ] GC(17)   Pre Evacuate Collection Set: 0.0ms
[2025-01-27T15:06:35.095+0000][gc,phases     ] GC(17)   Evacuate Collection Set: 6.8ms
[2025-01-27T15:06:35.095+0000][gc,phases     ] GC(17)   Post Evacuate Collection Set: 0.6ms
[2025-01-27T15:06:35.095+0000][gc,phases     ] GC(17)   Other: 0.2ms
[2025-01-27T15:06:35.095+0000][gc,heap       ] GC(17) Eden regions: 55->0(58)
[2025-01-27T15:06:35.095+0000][gc,heap       ] GC(17) Survivor regions: 4->4(8)
[2025-01-27T15:06:35.095+0000][gc,heap       ] GC(17) Old regions: 13->13
[2025-01-27T15:06:35.095+0000][gc,heap       ] GC(17) Humongous regions: 129->129
[2025-01-27T15:06:35.095+0000][gc,metaspace  ] GC(17) Metaspace: 39951K(42192K)->39951K(42192K) NonClass: 34830K(36052K)->34830K(36052K) Class: 5120K(6140K)->5120K(6140K)
[2025-01-27T15:06:35.095+0000][gc            ] GC(17) Pause Young (Normal) (G1 Evacuation Pause) 199M->144M(1024M) 7.686ms
[2025-01-27T15:06:35.095+0000][gc,cpu        ] GC(17) User=0.02s Sys=0.00s Real=0.01s
[2025-01-27T15:07:27.537+0000][gc,start      ] GC(18) Pause Young (Normal) (G1 Evacuation Pause)
[2025-01-27T15:07:27.537+0000][gc,task       ] GC(18) Using 2 workers of 2 for evacuation
[2025-01-27T15:07:27.546+0000][gc,phases     ] GC(18)   Pre Evacuate Collection Set: 0.0ms
[2025-01-27T15:07:27.546+0000][gc,phases     ] GC(18)   Evacuate Collection Set: 7.3ms
[2025-01-27T15:07:27.546+0000][gc,phases     ] GC(18)   Post Evacuate Collection Set: 1.3ms
[2025-01-27T15:07:27.546+0000][gc,phases     ] GC(18)   Other: 0.2ms
[2025-01-27T15:07:27.546+0000][gc,heap       ] GC(18) Eden regions: 58->0(61)
[2025-01-27T15:07:27.546+0000][gc,heap       ] GC(18) Survivor regions: 4->4(8)
[2025-01-27T15:07:27.546+0000][gc,heap       ] GC(18) Old regions: 13->13
[2025-01-27T15:07:27.546+0000][gc,heap       ] GC(18) Humongous regions: 129->129
[2025-01-27T15:07:27.546+0000][gc,metaspace  ] GC(18) Metaspace: 39963K(42192K)->39963K(42192K) NonClass: 34843K(36052K)->34843K(36052K) Class: 5120K(6140K)->5120K(6140K)
[2025-01-27T15:07:27.546+0000][gc            ] GC(18) Pause Young (Normal) (G1 Evacuation Pause) 202M->144M(1024M) 8.899ms
[2025-01-27T15:07:27.546+0000][gc,cpu        ] GC(18) User=0.01s Sys=0.00s Real=0.01s
[2025-01-27T15:08:22.752+0000][gc,start      ] GC(19) Pause Young (Normal) (G1 Evacuation Pause)
[2025-01-27T15:08:22.752+0000][gc,task       ] GC(19) Using 2 workers of 2 for evacuation
[2025-01-27T15:08:22.760+0000][gc,phases     ] GC(19)   Pre Evacuate Collection Set: 0.0ms
[2025-01-27T15:08:22.760+0000][gc,phases     ] GC(19)   Evacuate Collection Set: 7.5ms
[2025-01-27T15:08:22.760+0000][gc,phases     ] GC(19)   Post Evacuate Collection Set: 0.5ms
[2025-01-27T15:08:22.760+0000][gc,phases     ] GC(19)   Other: 0.2ms
[2025-01-27T15:08:22.760+0000][gc,heap       ] GC(19) Eden regions: 61->0(65)
[2025-01-27T15:08:22.760+0000][gc,heap       ] GC(19) Survivor regions: 4->4(9)
[2025-01-27T15:08:22.760+0000][gc,heap       ] GC(19) Old regions: 13->13
[2025-01-27T15:08:22.760+0000][gc,heap       ] GC(19) Humongous regions: 129->129
[2025-01-27T15:08:22.760+0000][gc,metaspace  ] GC(19) Metaspace: 39977K(42192K)->39977K(42192K) NonClass: 34855K(36052K)->34855K(36052K) Class: 5121K(6140K)->5121K(6140K)
[2025-01-27T15:08:22.760+0000][gc            ] GC(19) Pause Young (Normal) (G1 Evacuation Pause) 205M->144M(1024M) 8.365ms
[2025-01-27T15:08:22.760+0000][gc,cpu        ] GC(19) User=0.01s Sys=0.00s Real=0.01s
[2025-01-27T15:09:21.766+0000][gc,start      ] GC(20) Pause Young (Normal) (G1 Evacuation Pause)
[2025-01-27T15:09:21.766+0000][gc,task       ] GC(20) Using 2 workers of 2 for evacuation
[2025-01-27T15:09:21.774+0000][gc,phases     ] GC(20)   Pre Evacuate Collection Set: 0.0ms
[2025-01-27T15:09:21.774+0000][gc,phases     ] GC(20)   Evacuate Collection Set: 7.9ms
[2025-01-27T15:09:21.774+0000][gc,phases     ] GC(20)   Post Evacuate Collection Set: 0.5ms
[2025-01-27T15:09:21.774+0000][gc,phases     ] GC(20)   Other: 0.2ms
[2025-01-27T15:09:21.774+0000][gc,heap       ] GC(20) Eden regions: 65->0(69)
[2025-01-27T15:09:21.774+0000][gc,heap       ] GC(20) Survivor regions: 4->3(9)
[2025-01-27T15:09:21.774+0000][gc,heap       ] GC(20) Old regions: 13->14
[2025-01-27T15:09:21.774+0000][gc,heap       ] GC(20) Humongous regions: 129->129
[2025-01-27T15:09:21.774+0000][gc,metaspace  ] GC(20) Metaspace: 39994K(42192K)->39994K(42192K) NonClass: 34872K(36052K)->34872K(36052K) Class: 5121K(6140K)->5121K(6140K)
[2025-01-27T15:09:21.774+0000][gc            ] GC(20) Pause Young (Normal) (G1 Evacuation Pause) 209M->144M(1024M) 8.723ms
[2025-01-27T15:09:21.774+0000][gc,cpu        ] GC(20) User=0.02s Sys=0.00s Real=0.01s
[2025-01-27T15:10:24.693+0000][gc,start      ] GC(21) Pause Young (Normal) (G1 Evacuation Pause)
[2025-01-27T15:10:24.693+0000][gc,task       ] GC(21) Using 2 workers of 2 for evacuation
[2025-01-27T15:10:24.699+0000][gc,phases     ] GC(21)   Pre Evacuate Collection Set: 0.0ms
[2025-01-27T15:10:24.699+0000][gc,phases     ] GC(21)   Evacuate Collection Set: 6.2ms
[2025-01-27T15:10:24.699+0000][gc,phases     ] GC(21)   Post Evacuate Collection Set: 0.3ms
[2025-01-27T15:10:24.699+0000][gc,phases     ] GC(21)   Other: 0.2ms
[2025-01-27T15:10:24.699+0000][gc,heap       ] GC(21) Eden regions: 69->0(75)
[2025-01-27T15:10:24.699+0000][gc,heap       ] GC(21) Survivor regions: 3->2(9)
[2025-01-27T15:10:24.699+0000][gc,heap       ] GC(21) Old regions: 14->15
[2025-01-27T15:10:24.699+0000][gc,heap       ] GC(21) Humongous regions: 129->129
[2025-01-27T15:10:24.699+0000][gc,metaspace  ] GC(21) Metaspace: 40003K(42192K)->40003K(42192K) NonClass: 34882K(36052K)->34882K(36052K) Class: 5121K(6140K)->5121K(6140K)
[2025-01-27T15:10:24.699+0000][gc            ] GC(21) Pause Young (Normal) (G1 Evacuation Pause) 213M->144M(1024M) 6.858ms
[2025-01-27T15:10:24.700+0000][gc,cpu        ] GC(21) User=0.01s Sys=0.00s Real=0.01s
[2025-01-27T15:11:33.097+0000][gc,start      ] GC(22) Pause Young (Normal) (G1 Evacuation Pause)
[2025-01-27T15:11:33.097+0000][gc,task       ] GC(22) Using 2 workers of 2 for evacuation
[2025-01-27T15:11:33.102+0000][gc,phases     ] GC(22)   Pre Evacuate Collection Set: 0.0ms
[2025-01-27T15:11:33.102+0000][gc,phases     ] GC(22)   Evacuate Collection Set: 4.6ms
[2025-01-27T15:11:33.102+0000][gc,phases     ] GC(22)   Post Evacuate Collection Set: 0.3ms
[2025-01-27T15:11:33.102+0000][gc,phases     ] GC(22)   Other: 0.2ms
[2025-01-27T15:11:33.102+0000][gc,heap       ] GC(22) Eden regions: 75->0(82)
[2025-01-27T15:11:33.102+0000][gc,heap       ] GC(22) Survivor regions: 2->1(10)
[2025-01-27T15:11:33.102+0000][gc,heap       ] GC(22) Old regions: 15->16
[2025-01-27T15:11:33.102+0000][gc,heap       ] GC(22) Humongous regions: 129->129
[2025-01-27T15:11:33.102+0000][gc,metaspace  ] GC(22) Metaspace: 40010K(42192K)->40010K(42192K) NonClass: 34889K(36052K)->34889K(36052K) Class: 5121K(6140K)->5121K(6140K)
[2025-01-27T15:11:33.102+0000][gc            ] GC(22) Pause Young (Normal) (G1 Evacuation Pause) 219M->144M(1024M) 5.253ms
[2025-01-27T15:11:33.102+0000][gc,cpu        ] GC(22) User=0.01s Sys=0.01s Real=0.00s
[2025-01-27T15:12:47.410+0000][gc,start      ] GC(23) Pause Young (Normal) (G1 Evacuation Pause)
[2025-01-27T15:12:47.410+0000][gc,task       ] GC(23) Using 2 workers of 2 for evacuation
[2025-01-27T15:12:47.414+0000][gc,phases     ] GC(23)   Pre Evacuate Collection Set: 0.0ms
[2025-01-27T15:12:47.414+0000][gc,phases     ] GC(23)   Evacuate Collection Set: 3.1ms
[2025-01-27T15:12:47.414+0000][gc,phases     ] GC(23)   Post Evacuate Collection Set: 0.3ms
[2025-01-27T15:12:47.414+0000][gc,phases     ] GC(23)   Other: 0.2ms
[2025-01-27T15:12:47.414+0000][gc,heap       ] GC(23) Eden regions: 82->0(89)
[2025-01-27T15:12:47.414+0000][gc,heap       ] GC(23) Survivor regions: 1->1(11)
[2025-01-27T15:12:47.414+0000][gc,heap       ] GC(23) Old regions: 16->16
[2025-01-27T15:12:47.414+0000][gc,heap       ] GC(23) Humongous regions: 129->129
[2025-01-27T15:12:47.414+0000][gc,metaspace  ] GC(23) Metaspace: 40029K(42192K)->40029K(42192K) NonClass: 34908K(36052K)->34908K(36052K) Class: 5121K(6140K)->5121K(6140K)
[2025-01-27T15:12:47.414+0000][gc            ] GC(23) Pause Young (Normal) (G1 Evacuation Pause) 226M->144M(1024M) 3.717ms
[2025-01-27T15:12:47.414+0000][gc,cpu        ] GC(23) User=0.00s Sys=0.00s Real=0.01s
[2025-01-27T15:14:09.108+0000][gc,start      ] GC(24) Pause Young (Normal) (G1 Evacuation Pause)
[2025-01-27T15:14:09.108+0000][gc,task       ] GC(24) Using 2 workers of 2 for evacuation
[2025-01-27T15:14:09.111+0000][gc,phases     ] GC(24)   Pre Evacuate Collection Set: 0.0ms
[2025-01-27T15:14:09.111+0000][gc,phases     ] GC(24)   Evacuate Collection Set: 2.9ms
[2025-01-27T15:14:09.111+0000][gc,phases     ] GC(24)   Post Evacuate Collection Set: 0.3ms
[2025-01-27T15:14:09.111+0000][gc,phases     ] GC(24)   Other: 0.2ms
[2025-01-27T15:14:09.111+0000][gc,heap       ] GC(24) Eden regions: 89->0(96)
[2025-01-27T15:14:09.111+0000][gc,heap       ] GC(24) Survivor regions: 1->1(12)
[2025-01-27T15:14:09.111+0000][gc,heap       ] GC(24) Old regions: 16->17
[2025-01-27T15:14:09.111+0000][gc,heap       ] GC(24) Humongous regions: 129->129
[2025-01-27T15:14:09.111+0000][gc,metaspace  ] GC(24) Metaspace: 40035K(42192K)->40035K(42192K) NonClass: 34913K(36052K)->34913K(36052K) Class: 5121K(6140K)->5121K(6140K)
[2025-01-27T15:14:09.111+0000][gc            ] GC(24) Pause Young (Normal) (G1 Evacuation Pause) 233M->144M(1024M) 3.483ms
[2025-01-27T15:14:09.111+0000][gc,cpu        ] GC(24) User=0.00s Sys=0.00s Real=0.00s
[2025-01-27T15:15:36.354+0000][gc,start      ] GC(25) Pause Young (Normal) (G1 Evacuation Pause)
[2025-01-27T15:15:36.354+0000][gc,task       ] GC(25) Using 2 workers of 2 for evacuation
[2025-01-27T15:15:36.358+0000][gc,phases     ] GC(25)   Pre Evacuate Collection Set: 0.0ms
[2025-01-27T15:15:36.358+0000][gc,phases     ] GC(25)   Evacuate Collection Set: 2.6ms
[2025-01-27T15:15:36.358+0000][gc,phases     ] GC(25)   Post Evacuate Collection Set: 0.3ms
[2025-01-27T15:15:36.358+0000][gc,phases     ] GC(25)   Other: 0.3ms
[2025-01-27T15:15:36.358+0000][gc,heap       ] GC(25) Eden regions: 96->0(103)
[2025-01-27T15:15:36.358+0000][gc,heap       ] GC(25) Survivor regions: 1->1(13)
[2025-01-27T15:15:36.358+0000][gc,heap       ] GC(25) Old regions: 17->17
[2025-01-27T15:15:36.358+0000][gc,heap       ] GC(25) Humongous regions: 129->129
[2025-01-27T15:15:36.358+0000][gc,metaspace  ] GC(25) Metaspace: 40050K(42192K)->40050K(42192K) NonClass: 34928K(36052K)->34928K(36052K) Class: 5121K(6140K)->5121K(6140K)
[2025-01-27T15:15:36.358+0000][gc            ] GC(25) Pause Young (Normal) (G1 Evacuation Pause) 240M->144M(1024M) 3.301ms
[2025-01-27T15:15:36.358+0000][gc,cpu        ] GC(25) User=0.01s Sys=0.00s Real=0.00s
[2025-01-27T15:17:10.355+0000][gc,start      ] GC(26) Pause Young (Normal) (G1 Evacuation Pause)
[2025-01-27T15:17:10.355+0000][gc,task       ] GC(26) Using 2 workers of 2 for evacuation
[2025-01-27T15:17:10.359+0000][gc,phases     ] GC(26)   Pre Evacuate Collection Set: 0.0ms
[2025-01-27T15:17:10.359+0000][gc,phases     ] GC(26)   Evacuate Collection Set: 3.0ms
[2025-01-27T15:17:10.359+0000][gc,phases     ] GC(26)   Post Evacuate Collection Set: 0.3ms
[2025-01-27T15:17:10.359+0000][gc,phases     ] GC(26)   Other: 0.2ms
[2025-01-27T15:17:10.359+0000][gc,heap       ] GC(26) Eden regions: 103->0(110)
[2025-01-27T15:17:10.359+0000][gc,heap       ] GC(26) Survivor regions: 1->1(13)
[2025-01-27T15:17:10.359+0000][gc,heap       ] GC(26) Old regions: 17->17
[2025-01-27T15:17:10.359+0000][gc,heap       ] GC(26) Humongous regions: 129->129
[2025-01-27T15:17:10.359+0000][gc,metaspace  ] GC(26) Metaspace: 40059K(42192K)->40059K(42192K) NonClass: 34938K(36052K)->34938K(36052K) Class: 5121K(6140K)->5121K(6140K)
[2025-01-27T15:17:10.359+0000][gc            ] GC(26) Pause Young (Normal) (G1 Evacuation Pause) 247M->144M(1024M) 3.544ms
[2025-01-27T15:17:10.359+0000][gc,cpu        ] GC(26) User=0.01s Sys=0.00s Real=0.00s
[2025-01-27T15:18:50.293+0000][gc,start      ] GC(27) Pause Young (Normal) (G1 Evacuation Pause)
[2025-01-27T15:18:50.293+0000][gc,task       ] GC(27) Using 2 workers of 2 for evacuation
[2025-01-27T15:18:50.296+0000][gc,phases     ] GC(27)   Pre Evacuate Collection Set: 0.0ms
[2025-01-27T15:18:50.296+0000][gc,phases     ] GC(27)   Evacuate Collection Set: 2.4ms
[2025-01-27T15:18:50.296+0000][gc,phases     ] GC(27)   Post Evacuate Collection Set: 0.2ms
[2025-01-27T15:18:50.296+0000][gc,phases     ] GC(27)   Other: 0.2ms
[2025-01-27T15:18:50.296+0000][gc,heap       ] GC(27) Eden regions: 110->0(117)
[2025-01-27T15:18:50.296+0000][gc,heap       ] GC(27) Survivor regions: 1->1(14)
[2025-01-27T15:18:50.296+0000][gc,heap       ] GC(27) Old regions: 17->17
[2025-01-27T15:18:50.296+0000][gc,heap       ] GC(27) Humongous regions: 129->129
[2025-01-27T15:18:50.296+0000][gc,metaspace  ] GC(27) Metaspace: 40069K(42192K)->40069K(42192K) NonClass: 34948K(36052K)->34948K(36052K) Class: 5121K(6140K)->5121K(6140K)
[2025-01-27T15:18:50.296+0000][gc            ] GC(27) Pause Young (Normal) (G1 Evacuation Pause) 254M->144M(1024M) 2.970ms
[2025-01-27T15:18:50.296+0000][gc,cpu        ] GC(27) User=0.00s Sys=0.00s Real=0.00s
[2025-01-27T15:20:37.683+0000][gc,start      ] GC(28) Pause Young (Normal) (G1 Evacuation Pause)
[2025-01-27T15:20:37.683+0000][gc,task       ] GC(28) Using 2 workers of 2 for evacuation
[2025-01-27T15:20:37.687+0000][gc,phases     ] GC(28)   Pre Evacuate Collection Set: 0.0ms
[2025-01-27T15:20:37.687+0000][gc,phases     ] GC(28)   Evacuate Collection Set: 3.2ms
[2025-01-27T15:20:37.687+0000][gc,phases     ] GC(28)   Post Evacuate Collection Set: 0.2ms
[2025-01-27T15:20:37.687+0000][gc,phases     ] GC(28)   Other: 0.2ms
[2025-01-27T15:20:37.687+0000][gc,heap       ] GC(28) Eden regions: 117->0(125)
[2025-01-27T15:20:37.687+0000][gc,heap       ] GC(28) Survivor regions: 1->2(15)
[2025-01-27T15:20:37.687+0000][gc,heap       ] GC(28) Old regions: 17->17
[2025-01-27T15:20:37.687+0000][gc,heap       ] GC(28) Humongous regions: 129->129
[2025-01-27T15:20:37.687+0000][gc,metaspace  ] GC(28) Metaspace: 40084K(42192K)->40084K(42192K) NonClass: 34963K(36052K)->34963K(36052K) Class: 5121K(6140K)->5121K(6140K)
[2025-01-27T15:20:37.687+0000][gc            ] GC(28) Pause Young (Normal) (G1 Evacuation Pause) 261M->144M(1024M) 3.810ms
[2025-01-27T15:20:37.687+0000][gc,cpu        ] GC(28) User=0.01s Sys=0.00s Real=0.01s
[2025-01-27T15:22:30.285+0000][gc,start      ] GC(29) Pause Young (Normal) (G1 Evacuation Pause)
[2025-01-27T15:22:30.285+0000][gc,task       ] GC(29) Using 2 workers of 2 for evacuation
[2025-01-27T15:22:30.289+0000][gc,phases     ] GC(29)   Pre Evacuate Collection Set: 0.0ms
[2025-01-27T15:22:30.289+0000][gc,phases     ] GC(29)   Evacuate Collection Set: 3.7ms
[2025-01-27T15:22:30.289+0000][gc,phases     ] GC(29)   Post Evacuate Collection Set: 0.3ms
[2025-01-27T15:22:30.289+0000][gc,phases     ] GC(29)   Other: 0.2ms
[2025-01-27T15:22:30.289+0000][gc,heap       ] GC(29) Eden regions: 125->0(612)
[2025-01-27T15:22:30.289+0000][gc,heap       ] GC(29) Survivor regions: 2->2(16)
[2025-01-27T15:22:30.289+0000][gc,heap       ] GC(29) Old regions: 17->17
[2025-01-27T15:22:30.289+0000][gc,heap       ] GC(29) Humongous regions: 129->129
[2025-01-27T15:22:30.289+0000][gc,metaspace  ] GC(29) Metaspace: 40152K(42192K)->40152K(42192K) NonClass: 35021K(36052K)->35021K(36052K) Class: 5131K(6140K)->5131K(6140K)
[2025-01-27T15:22:30.289+0000][gc            ] GC(29) Pause Young (Normal) (G1 Evacuation Pause) 269M->145M(1024M) 4.395ms
[2025-01-27T15:22:30.289+0000][gc,cpu        ] GC(29) User=0.00s Sys=0.00s Real=0.00s
[2025-01-27T15:31:51.146+0000][gc,start      ] GC(30) Pause Young (Normal) (G1 Evacuation Pause)
[2025-01-27T15:31:51.146+0000][gc,task       ] GC(30) Using 2 workers of 2 for evacuation
[2025-01-27T15:31:51.152+0000][gc,phases     ] GC(30)   Pre Evacuate Collection Set: 0.0ms
[2025-01-27T15:31:51.152+0000][gc,phases     ] GC(30)   Evacuate Collection Set: 5.6ms
[2025-01-27T15:31:51.152+0000][gc,phases     ] GC(30)   Post Evacuate Collection Set: 0.5ms
[2025-01-27T15:31:51.152+0000][gc,phases     ] GC(30)   Other: 0.3ms
[2025-01-27T15:31:51.152+0000][gc,heap       ] GC(30) Eden regions: 612->0(611)
[2025-01-27T15:31:51.152+0000][gc,heap       ] GC(30) Survivor regions: 2->3(77)
[2025-01-27T15:31:51.152+0000][gc,heap       ] GC(30) Old regions: 17->17
[2025-01-27T15:31:51.152+0000][gc,heap       ] GC(30) Humongous regions: 129->129
[2025-01-27T15:31:51.152+0000][gc,metaspace  ] GC(30) Metaspace: 40252K(42448K)->40252K(42448K) NonClass: 35118K(36308K)->35118K(36308K) Class: 5133K(6140K)->5133K(6140K)
[2025-01-27T15:31:51.152+0000][gc            ] GC(30) Pause Young (Normal) (G1 Evacuation Pause) 757M->146M(1024M) 6.541ms
[2025-01-27T15:31:51.152+0000][gc,cpu        ] GC(30) User=0.01s Sys=0.00s Real=0.00s
