[2025-01-27T16:50:12.220+0000][gc,heap] Heap region size: 1M
[2025-01-27T16:50:12.229+0000][gc     ] Using G1
[2025-01-27T16:50:12.229+0000][gc,heap,coops] Heap address: 0x00000000c0000000, size: 1024 MB, Compressed Oops mode: 32-bit
[2025-01-27T16:50:12.229+0000][gc,cds       ] Mark closed archive regions in map: [0x00000000fff00000, 0x00000000fff6bff8]
[2025-01-27T16:50:12.229+0000][gc,cds       ] Mark open archive regions in map: [0x00000000ffe00000, 0x00000000ffe47ff8]
[2025-01-27T16:50:13.340+0000][gc,start     ] GC(0) Pause Young (Normal) (G1 Evacuation Pause)
[2025-01-27T16:50:13.340+0000][gc,task      ] GC(0) Using 2 workers of 2 for evacuation
[2025-01-27T16:50:13.352+0000][gc,phases    ] GC(0)   Pre Evacuate Collection Set: 0.0ms
[2025-01-27T16:50:13.352+0000][gc,phases    ] GC(0)   Evacuate Collection Set: 10.7ms
[2025-01-27T16:50:13.352+0000][gc,phases    ] GC(0)   Post Evacuate Collection Set: 0.3ms
[2025-01-27T16:50:13.352+0000][gc,phases    ] GC(0)   Other: 0.4ms
[2025-01-27T16:50:13.352+0000][gc,heap      ] GC(0) Eden regions: 51->0(44)
[2025-01-27T16:50:13.352+0000][gc,heap      ] GC(0) Survivor regions: 0->7(7)
[2025-01-27T16:50:13.352+0000][gc,heap      ] GC(0) Old regions: 2->2
[2025-01-27T16:50:13.352+0000][gc,heap      ] GC(0) Humongous regions: 0->0
[2025-01-27T16:50:13.352+0000][gc,metaspace ] GC(0) Metaspace: 16393K(17024K)->16393K(17024K) NonClass: 14204K(14592K)->14204K(14592K) Class: 2188K(2432K)->2188K(2432K)
[2025-01-27T16:50:13.352+0000][gc           ] GC(0) Pause Young (Normal) (G1 Evacuation Pause) 51M->7M(1024M) 11.589ms
[2025-01-27T16:50:13.352+0000][gc,cpu       ] GC(0) User=0.01s Sys=0.00s Real=0.02s
[2025-01-27T16:50:16.561+0000][gc,heap,exit ] Heap
[2025-01-27T16:50:16.561+0000][gc,heap,exit ]  garbage-first heap   total 1048576K, used 23559K [0x00000000c0000000, 0x0000000100000000)
[2025-01-27T16:50:16.561+0000][gc,heap,exit ]   region size 1024K, 24 young (24576K), 7 survivors (7168K)
[2025-01-27T16:50:16.561+0000][gc,heap,exit ]  Metaspace       used 20462K, capacity 21071K, committed 21248K, reserved 1067008K
[2025-01-27T16:50:16.561+0000][gc,heap,exit ]   class space    used 2743K, capacity 3017K, committed 3072K, reserved 1048576K
