[2025-01-27T16:51:59.419+0000][gc,heap] Heap region size: 1M
[2025-01-27T16:51:59.427+0000][gc     ] Using G1
[2025-01-27T16:51:59.427+0000][gc,heap,coops] Heap address: 0x00000000c0000000, size: 1024 MB, Compressed Oops mode: 32-bit
[2025-01-27T16:51:59.428+0000][gc,cds       ] Mark closed archive regions in map: [0x00000000fff00000, 0x00000000fff6bff8]
[2025-01-27T16:51:59.428+0000][gc,cds       ] Mark open archive regions in map: [0x00000000ffe00000, 0x00000000ffe47ff8]
[2025-01-27T16:52:00.594+0000][gc,start     ] GC(0) Pause Young (Normal) (G1 Evacuation Pause)
[2025-01-27T16:52:00.594+0000][gc,task      ] GC(0) Using 2 workers of 2 for evacuation
[2025-01-27T16:52:00.605+0000][gc,phases    ] GC(0)   Pre Evacuate Collection Set: 0.0ms
[2025-01-27T16:52:00.605+0000][gc,phases    ] GC(0)   Evacuate Collection Set: 10.4ms
[2025-01-27T16:52:00.605+0000][gc,phases    ] GC(0)   Post Evacuate Collection Set: 0.3ms
[2025-01-27T16:52:00.605+0000][gc,phases    ] GC(0)   Other: 0.2ms
[2025-01-27T16:52:00.605+0000][gc,heap      ] GC(0) Eden regions: 51->0(44)
[2025-01-27T16:52:00.605+0000][gc,heap      ] GC(0) Survivor regions: 0->7(7)
[2025-01-27T16:52:00.605+0000][gc,heap      ] GC(0) Old regions: 2->2
[2025-01-27T16:52:00.605+0000][gc,heap      ] GC(0) Humongous regions: 0->0
[2025-01-27T16:52:00.605+0000][gc,metaspace ] GC(0) Metaspace: 16404K(17024K)->16404K(17024K) NonClass: 14214K(14592K)->14214K(14592K) Class: 2190K(2432K)->2190K(2432K)
[2025-01-27T16:52:00.605+0000][gc           ] GC(0) Pause Young (Normal) (G1 Evacuation Pause) 51M->7M(1024M) 11.062ms
[2025-01-27T16:52:00.605+0000][gc,cpu       ] GC(0) User=0.02s Sys=0.00s Real=0.01s
[2025-01-27T16:52:03.841+0000][gc,heap,exit ] Heap
[2025-01-27T16:52:03.841+0000][gc,heap,exit ]  garbage-first heap   total 1048576K, used 23552K [0x00000000c0000000, 0x0000000100000000)
[2025-01-27T16:52:03.841+0000][gc,heap,exit ]   region size 1024K, 24 young (24576K), 7 survivors (7168K)
[2025-01-27T16:52:03.841+0000][gc,heap,exit ]  Metaspace       used 20433K, capacity 21069K, committed 21248K, reserved 1067008K
[2025-01-27T16:52:03.841+0000][gc,heap,exit ]   class space    used 2748K, capacity 3016K, committed 3072K, reserved 1048576K
