[2025-01-27T15:41:10.861+0000][gc,init] CardTable entry size: 512
[2025-01-27T15:41:10.861+0000][gc     ] Using G1
[2025-01-27T15:41:10.869+0000][gc,init] Version: 21.0.5+11-LTS (release)
[2025-01-27T15:41:10.869+0000][gc,init] CPUs: 2 total, 2 available
[2025-01-27T15:41:10.869+0000][gc,init] Memory: 7928M
[2025-01-27T15:41:10.869+0000][gc,init] Large Page Support: Disabled
[2025-01-27T15:41:10.869+0000][gc,init] NUMA Support: Disabled
[2025-01-27T15:41:10.869+0000][gc,init] Compressed Oops: Enabled (32-bit)
[2025-01-27T15:41:10.869+0000][gc,init] Heap Region Size: 1M
[2025-01-27T15:41:10.869+0000][gc,init] Heap Min Capacity: 1G
[2025-01-27T15:41:10.869+0000][gc,init] Heap Initial Capacity: 1G
[2025-01-27T15:41:10.869+0000][gc,init] Heap Max Capacity: 1G
[2025-01-27T15:41:10.869+0000][gc,init] Pre-touch: Disabled
[2025-01-27T15:41:10.869+0000][gc,init] Parallel Workers: 2
[2025-01-27T15:41:10.869+0000][gc,init] Concurrent Workers: 1
[2025-01-27T15:41:10.869+0000][gc,init] Concurrent Refinement Workers: 2
[2025-01-27T15:41:10.869+0000][gc,init] Periodic GC: Disabled
[2025-01-27T15:41:10.875+0000][gc,metaspace] CDS archive(s) mapped at: [0x00007aad8b000000-0x00007aad8bc97000-0x00007aad8bc97000), size 13201408, SharedBaseAddress: 0x00007aad8b000000, ArchiveRelocationMode: 1.
[2025-01-27T15:41:10.875+0000][gc,metaspace] Compressed class space mapped at: 0x00007aad8c000000-0x00007aadcc000000, reserved size: 1073741824
[2025-01-27T15:41:10.875+0000][gc,metaspace] Narrow klass base: 0x00007aad8b000000, Narrow klass shift: 0, Narrow klass range: 0x100000000
[2025-01-27T15:41:16.068+0000][gc,heap,exit] Heap
[2025-01-27T15:41:16.068+0000][gc,heap,exit]  garbage-first heap   total 1048576K, used 40497K [0x00000000c0000000, 0x0000000100000000)
[2025-01-27T15:41:16.068+0000][gc,heap,exit]   region size 1024K, 39 young (39936K), 0 survivors (0K)
[2025-01-27T15:41:16.068+0000][gc,heap,exit]  Metaspace       used 14768K, committed 15040K, reserved 1114112K
[2025-01-27T15:41:16.068+0000][gc,heap,exit]   class space    used 1896K, committed 2048K, reserved 1048576K
