[2025-01-27T15:40:32.174+0000][gc,init] CardTable entry size: 512
[2025-01-27T15:40:32.174+0000][gc     ] Using G1
[2025-01-27T15:40:32.177+0000][gc,init] Version: 21.0.5+11-LTS (release)
[2025-01-27T15:40:32.178+0000][gc,init] CPUs: 2 total, 2 available
[2025-01-27T15:40:32.178+0000][gc,init] Memory: 7928M
[2025-01-27T15:40:32.178+0000][gc,init] Large Page Support: Disabled
[2025-01-27T15:40:32.178+0000][gc,init] NUMA Support: Disabled
[2025-01-27T15:40:32.178+0000][gc,init] Compressed Oops: Enabled (32-bit)
[2025-01-27T15:40:32.178+0000][gc,init] Heap Region Size: 1M
[2025-01-27T15:40:32.178+0000][gc,init] Heap Min Capacity: 512M
[2025-01-27T15:40:32.178+0000][gc,init] Heap Initial Capacity: 512M
[2025-01-27T15:40:32.178+0000][gc,init] Heap Max Capacity: 512M
[2025-01-27T15:40:32.178+0000][gc,init] Pre-touch: Disabled
[2025-01-27T15:40:32.178+0000][gc,init] Parallel Workers: 2
[2025-01-27T15:40:32.178+0000][gc,init] Concurrent Workers: 1
[2025-01-27T15:40:32.178+0000][gc,init] Concurrent Refinement Workers: 2
[2025-01-27T15:40:32.178+0000][gc,init] Periodic GC: Disabled
[2025-01-27T15:40:32.184+0000][gc,metaspace] CDS archive(s) mapped at: [0x000071240b000000-0x000071240bc97000-0x000071240bc97000), size 13201408, SharedBaseAddress: 0x000071240b000000, ArchiveRelocationMode: 1.
[2025-01-27T15:40:32.184+0000][gc,metaspace] Compressed class space mapped at: 0x000071240c000000-0x000071244c000000, reserved size: 1073741824
[2025-01-27T15:40:32.184+0000][gc,metaspace] Narrow klass base: 0x000071240b000000, Narrow klass shift: 0, Narrow klass range: 0x100000000
[2025-01-27T15:41:06.994+0000][gc,heap,exit] Heap
[2025-01-27T15:41:06.994+0000][gc,heap,exit]  garbage-first heap   total 524288K, used 25649K [0x00000000e0000000, 0x0000000100000000)
[2025-01-27T15:41:06.994+0000][gc,heap,exit]   region size 1024K, 24 young (24576K), 0 survivors (0K)
[2025-01-27T15:41:06.994+0000][gc,heap,exit]  Metaspace       used 7887K, committed 8064K, reserved 1114112K
[2025-01-27T15:41:06.994+0000][gc,heap,exit]   class space    used 824K, committed 896K, reserved 1048576K
