[2025-01-27T16:37:53.026+0000][gc,heap] Heap region size: 1M
[2025-01-27T16:37:53.031+0000][gc     ] Using G1
[2025-01-27T16:37:53.031+0000][gc,heap,coops] Heap address: 0x00000000e0000000, size: 512 MB, Compressed Oops mode: 32-bit
[2025-01-27T16:37:53.031+0000][gc,cds       ] Mark closed archive regions in map: [0x00000000fff00000, 0x00000000fff6bff8]
[2025-01-27T16:37:53.031+0000][gc,cds       ] Mark open archive regions in map: [0x00000000ffe00000, 0x00000000ffe47ff8]
[2025-01-27T16:38:13.242+0000][gc,start     ] GC(0) Pause Young (Normal) (G1 Evacuation Pause)
[2025-01-27T16:38:13.243+0000][gc,task      ] GC(0) Using 2 workers of 2 for evacuation
[2025-01-27T16:38:13.253+0000][gc,phases    ] GC(0)   Pre Evacuate Collection Set: 0.0ms
[2025-01-27T16:38:13.253+0000][gc,phases    ] GC(0)   Evacuate Collection Set: 10.0ms
[2025-01-27T16:38:13.253+0000][gc,phases    ] GC(0)   Post Evacuate Collection Set: 0.3ms
[2025-01-27T16:38:13.253+0000][gc,phases    ] GC(0)   Other: 0.3ms
[2025-01-27T16:38:13.253+0000][gc,heap      ] GC(0) Eden regions: 25->0(21)
[2025-01-27T16:38:13.253+0000][gc,heap      ] GC(0) Survivor regions: 0->4(4)
[2025-01-27T16:38:13.253+0000][gc,heap      ] GC(0) Old regions: 2->4
[2025-01-27T16:38:13.253+0000][gc,heap      ] GC(0) Humongous regions: 0->0
[2025-01-27T16:38:13.253+0000][gc,metaspace ] GC(0) Metaspace: 7906K(8448K)->7906K(8448K) NonClass: 7014K(7424K)->7014K(7424K) Class: 891K(1024K)->891K(1024K)
[2025-01-27T16:38:13.253+0000][gc           ] GC(0) Pause Young (Normal) (G1 Evacuation Pause) 25M->6M(512M) 10.677ms
[2025-01-27T16:38:13.253+0000][gc,cpu       ] GC(0) User=0.02s Sys=0.00s Real=0.01s
[2025-01-27T16:39:11.142+0000][gc,heap,exit ] Heap
[2025-01-27T16:39:11.142+0000][gc,heap,exit ]  garbage-first heap   total 524288K, used 7181K [0x00000000e0000000, 0x0000000100000000)
[2025-01-27T16:39:11.142+0000][gc,heap,exit ]   region size 1024K, 6 young (6144K), 4 survivors (4096K)
[2025-01-27T16:39:11.142+0000][gc,heap,exit ]  Metaspace       used 7914K, capacity 8269K, committed 8448K, reserved 1056768K
[2025-01-27T16:39:11.142+0000][gc,heap,exit ]   class space    used 892K, capacity 1014K, committed 1024K, reserved 1048576K
