[2025-01-27T16:48:42.422+0000][gc,heap] Heap region size: 1M
[2025-01-27T16:48:42.427+0000][gc     ] Using G1
[2025-01-27T16:48:42.427+0000][gc,heap,coops] Heap address: 0x00000000e0000000, size: 512 MB, Compressed Oops mode: 32-bit
[2025-01-27T16:48:42.427+0000][gc,cds       ] Mark closed archive regions in map: [0x00000000fff00000, 0x00000000fff6bff8]
[2025-01-27T16:48:42.427+0000][gc,cds       ] Mark open archive regions in map: [0x00000000ffe00000, 0x00000000ffe47ff8]
[2025-01-27T16:48:50.991+0000][gc,start     ] GC(0) Pause Young (Normal) (G1 Evacuation Pause)
[2025-01-27T16:48:50.992+0000][gc,task      ] GC(0) Using 2 workers of 2 for evacuation
[2025-01-27T16:48:51.002+0000][gc,phases    ] GC(0)   Pre Evacuate Collection Set: 0.0ms
[2025-01-27T16:48:51.002+0000][gc,phases    ] GC(0)   Evacuate Collection Set: 9.7ms
[2025-01-27T16:48:51.002+0000][gc,phases    ] GC(0)   Post Evacuate Collection Set: 0.3ms
[2025-01-27T16:48:51.002+0000][gc,phases    ] GC(0)   Other: 0.5ms
[2025-01-27T16:48:51.002+0000][gc,heap      ] GC(0) Eden regions: 25->0(21)
[2025-01-27T16:48:51.002+0000][gc,heap      ] GC(0) Survivor regions: 0->4(4)
[2025-01-27T16:48:51.002+0000][gc,heap      ] GC(0) Old regions: 2->4
[2025-01-27T16:48:51.002+0000][gc,heap      ] GC(0) Humongous regions: 0->0
[2025-01-27T16:48:51.002+0000][gc,metaspace ] GC(0) Metaspace: 7762K(8192K)->7762K(8192K) NonClass: 6879K(7168K)->6879K(7168K) Class: 882K(1024K)->882K(1024K)
[2025-01-27T16:48:51.002+0000][gc           ] GC(0) Pause Young (Normal) (G1 Evacuation Pause) 25M->5M(512M) 10.505ms
[2025-01-27T16:48:51.002+0000][gc,cpu       ] GC(0) User=0.01s Sys=0.01s Real=0.01s
[2025-01-27T16:51:34.270+0000][gc,heap,exit ] Heap
[2025-01-27T16:51:34.270+0000][gc,heap,exit ]  garbage-first heap   total 524288K, used 9180K [0x00000000e0000000, 0x0000000100000000)
[2025-01-27T16:51:34.271+0000][gc,heap,exit ]   region size 1024K, 8 young (8192K), 4 survivors (4096K)
[2025-01-27T16:51:34.271+0000][gc,heap,exit ]  Metaspace       used 7865K, capacity 8204K, committed 8448K, reserved 1056768K
[2025-01-27T16:51:34.271+0000][gc,heap,exit ]   class space    used 886K, capacity 1014K, committed 1024K, reserved 1048576K
