[2025-01-27T16:35:22.605+0000][gc,heap] Heap region size: 1M
[2025-01-27T16:35:22.611+0000][gc     ] Using G1
[2025-01-27T16:35:22.611+0000][gc,heap,coops] Heap address: 0x00000000e0000000, size: 512 MB, Compressed Oops mode: 32-bit
[2025-01-27T16:35:22.611+0000][gc,cds       ] Mark closed archive regions in map: [0x00000000fff00000, 0x00000000fff6bff8]
[2025-01-27T16:35:22.611+0000][gc,cds       ] Mark open archive regions in map: [0x00000000ffe00000, 0x00000000ffe47ff8]
[2025-01-27T16:35:23.135+0000][gc,heap,exit ] Heap
[2025-01-27T16:35:23.135+0000][gc,heap,exit ]  garbage-first heap   total 524288K, used 18128K [0x00000000e0000000, 0x0000000100000000)
[2025-01-27T16:35:23.136+0000][gc,heap,exit ]   region size 1024K, 18 young (18432K), 0 survivors (0K)
[2025-01-27T16:35:23.136+0000][gc,heap,exit ]  Metaspace       used 6902K, capacity 7208K, committed 7424K, reserved 1056768K
[2025-01-27T16:35:23.136+0000][gc,heap,exit ]   class space    used 795K, capacity 916K, committed 1024K, reserved 1048576K
